#
# A fatal error has been detected by the Java Runtime Environment:
#
#  SIGSEGV (0xb) at pc=0x00007f9935d7d445, pid=30031, tid=30109
#
# JRE version: OpenJDK Runtime Environment Temurin-21.0.11+10 (21.0.11+10) (build 21.0.11+10-LTS)
# Java VM: OpenJDK 64-Bit Server VM Temurin-21.0.11+10 (21.0.11+10-LTS, mixed mode, sharing, tiered, compressed oops, compressed class ptrs, parallel gc, linux-amd64)
# Problematic frame:
# V  [libjvm.so+0xd7d445]  void ParCompactionManager::mark_and_push<narrowOop>(narrowOop*)+0xa5
#
# Core dump will be written. Default location: Core dumps may be processed with "/usr/lib/systemd/systemd-coredump %P %u %g %s %t %c %h %d %F" (or dumping to /home/gabi/Documents/edat/EdatTP/core.30031)
#
# If you would like to submit a bug report, please visit:
#   https://github.com/adoptium/adoptium-support/issues
#

---------------  S U M M A R Y ------------

Command Line: --add-modules=ALL-SYSTEM --add-opens=java.base/java.util=ALL-UNNAMED --add-opens=java.base/java.lang=ALL-UNNAMED --add-opens=java.base/sun.nio.fs=ALL-UNNAMED -Declipse.application=org.eclipse.jdt.ls.core.id1 -Dosgi.bundles.defaultStartLevel=4 -Declipse.product=org.eclipse.jdt.ls.core.product -Djava.import.generatesMetadataFilesAtProjectRoot=false -DDetectVMInstallationsJob.disabled=true -Dfile.encoding=utf8 -XX:+UseParallelGC -XX:GCTimeRatio=4 -XX:AdaptiveSizePolicyWeight=90 -Dsun.zip.disableMemoryMapping=true -Xmx2G -Xms100m -Xlog:disable -javaagent:/home/gabi/.vscode/extensions/redhat.java-1.55.0-linux-x64/lombok/lombok-1.18.39-4050.jar -XX:+HeapDumpOnOutOfMemoryError -XX:HeapDumpPath=/home/gabi/.config/Code/User/workspaceStorage/ccd096143392242435ee762c2e82cc39/redhat.java -Daether.dependencyCollector.impl=bf /home/gabi/.vscode/extensions/redhat.java-1.55.0-linux-x64/server/plugins/org.eclipse.equinox.launcher_1.7.200.v20260619-2039.jar -configuration /home/gabi/.config/Code/User/globalStorage/redhat.java/1.55.0/config_linux -data /home/gabi/.config/Code/User/workspaceStorage/ccd096143392242435ee762c2e82cc39/redhat.java/jdt_ws --pipe=/run/user/1000/lsp-bc79d140b46744f9c693374776913948.sock

Host: AMD Ryzen 5 3500U with Radeon Vega Mobile Gfx, 8 cores, 6G, Fedora release 44 (Forty Four)
Time: Wed Jul 29 00:44:17 2026 -03 elapsed time: 10.698851 seconds (0d 0h 0m 10s)

---------------  T H R E A D  ---------------

Current thread (0x00007f98c0006120):  WorkerThread "GC Thread#6"    [id=30109, stack(0x00007f98d1bfb000,0x00007f98d1cfb000) (1024K)]

Stack: [0x00007f98d1bfb000,0x00007f98d1cfb000],  sp=0x00007f98d1cf9b50,  free space=1018k
Native frames: (J=compiled Java code, j=interpreted, Vv=VM code, C=native code)
V  [libjvm.so+0xd7d445]  void ParCompactionManager::mark_and_push<narrowOop>(narrowOop*)+0xa5
V  [libjvm.so+0xd87657]  steal_marking_work(TaskTerminator&, unsigned int)+0x447
V  [libjvm.so+0xd899dc]  MarkFromRootsTask::work(unsigned int)+0x51c
V  [libjvm.so+0x10588f0]  WorkerThread::run()+0x80
V  [libjvm.so+0xf9d138]  Thread::call_run()+0xa8
V  [libjvm.so+0xd0eeda]  thread_native_entry(Thread*)+0xda
C  [libc.so.6+0x72d19]  start_thread+0x399

siginfo: si_signo: 11 (SIGSEGV), si_code: 2 (SEGV_ACCERR), si_addr: 0x00000000a217e688

Registers:
RAX=0x0000000000000001, RBX=0x00007f9930083a00, RCX=0x0000000000000010, RDX=0x00007f993650eea0
RSP=0x00007f98d1cf9b50, RBP=0x00007f98d1cf9b80, RSI=0x0000000000110bf3, RDI=0x00007f9930083a00
R8 =0x000000000000003d, R9 =0x0000000000000320, R10=0x00007f99365da9a4, R11=0x00007f993650f9a8
R12=0x00000000a217e680, R13=0x0000000000000000, R14=0x00007f9936510708, R15=0x0000000000002800
RIP=0x00007f9935d7d445, EFLAGS=0x0000000000010202, CSGSFS=0x002b000000000033, ERR=0x0000000000000004
  TRAPNO=0x000000000000000e

XMM[0]=0x0000000000000000 0x000000210000002e
XMM[1]=0x0000000000000000 0x0000000000000021
XMM[2]=0x0000000000000000 0x00000354000006f2
XMM[3]=0x0000000000000000 0x00007f98d2afe9c8
XMM[4]=0x0000000000000000 0x0000000000000354
XMM[5]=0x0000000000000000 0x0000000000000354
XMM[6]=0x00007f9925337cc6 0x00007f98d2afe9b8
XMM[7]=0x00000000d617b5f8 0x00000000d60d08f0
XMM[8]=0x0000000000000000 0x0000000000000000
XMM[9]=0x0000000000000000 0x4052c00000000000
XMM[10]=0x0000000000000000 0x000000003c11eb7f
XMM[11]=0x0000000000000000 0x0000000041c80000
XMM[12]=0x2020202020202020 0x2020202020202020
XMM[13]=0x0000000000000000 0x0000000000000000
XMM[14]=0x0000000000000000 0x0000000000000000
XMM[15]=0x0000000000000000 0x0000000000000000
  MXCSR=0x00001fa2


Register to memory mapping:

RAX=0x0000000000000001 is an unknown value
RBX=0x00007f9930083a00 points into unknown readable memory: 0x0000000000000000 | 00 00 00 00 00 00 00 00
RCX=0x0000000000000010 is an unknown value
RDX=0x00007f993650eea0: <offset 0x000000000150eea0> in /home/gabi/.vscode/extensions/redhat.java-1.55.0-linux-x64/jre/21.0.11-linux-x86_64/lib/server/libjvm.so at 0x00007f9935000000
RSP=0x00007f98d1cf9b50 points into unknown readable memory: 0x00007f9930083a00 | 00 3a 08 30 99 7f 00 00
RBP=0x00007f98d1cf9b80 points into unknown readable memory: 0x00007f98d1cf9c80 | 80 9c cf d1 98 7f 00 00
RSI=0x0000000000110bf3 is an unknown value
RDI=0x00007f9930083a00 points into unknown readable memory: 0x0000000000000000 | 00 00 00 00 00 00 00 00
R8 =0x000000000000003d is an unknown value
R9 =0x0000000000000320 is an unknown value
R10=0x00007f99365da9a4 points into unknown readable memory: 75 fe 00 00
R11=0x00007f993650f9a8: <offset 0x000000000150f9a8> in /home/gabi/.vscode/extensions/redhat.java-1.55.0-linux-x64/jre/21.0.11-linux-x86_64/lib/server/libjvm.so at 0x00007f9935000000
R12=0x00000000a217e680 is an unallocated location in the heap
R13=0x0 is null
R14=0x00007f9936510708: <offset 0x0000000001510708> in /home/gabi/.vscode/extensions/redhat.java-1.55.0-linux-x64/jre/21.0.11-linux-x86_64/lib/server/libjvm.so at 0x00007f9935000000
R15=0x0000000000002800 is an unknown value

Top of Stack: (sp=0x00007f98d1cf9b50)
0x00007f98d1cf9b50:   00007f9930083a00 000000008254c210   .:.0......T.....
0x00007f98d1cf9b60:   0000000082550210 000000008254fcd8   ..U.......T.....
0x00007f98d1cf9b70:   00007f9930083a00 0000000000000001   .:.0............
0x00007f98d1cf9b80:   00007f98d1cf9c80 00007f9935d87657   ........Wv.5....
0x00007f98d1cf9b90:   0000000000000008 00007f991c3e8288   ..........>.....
0x00007f98d1cf9ba0:   0000000000000000 00000004d1cf9bc0   ................
0x00007f98d1cf9bb0:   00007f9800000001 0000000000000008   ................
0x00007f98d1cf9bc0:   00007f9930083a00 00007f98d1cf9c20   .:.0.... .......
0x00007f98d1cf9bd0:   00007f9936443610 00007f98d1cf9bc0   .6D6............
0x00007f98d1cf9be0:   0000000000000100 0000000000000020   ........ .......
0x00007f98d1cf9bf0:   0000000082546200 0000000000002800   .bT......(......
0x00007f98d1cf9c00:   00007f9814001048 0000000000000029   H.......).......
0x00007f98d1cf9c10:   00007f993650fb18 0000000000000000   ..P6............
0x00007f98d1cf9c20:   0000000082546200 00007f9900002000   .bT...... ......
0x00007f98d1cf9c30:   00007f993644a400 00007f9930062910   ..D6.....).0....
0x00007f98d1cf9c40:   00007f9800000004 00007f9930083a00   .........:.0....
0x00007f98d1cf9c50:   00007f98d1cf9c80 00007f9930083a00   .........:.0....
0x00007f98d1cf9c60:   00007f98d1cf9d8c 00007f98c0006120   ........ a......
0x00007f98d1cf9c70:   00007f991c3e8150 00007f991c3e8250   P.>.....P.>.....
0x00007f98d1cf9c80:   00007f98d1cf9d70 00007f9935d899dc   p..........5....
0x00007f98d1cf9c90:   00007f98d1cf9d70 0000000135d8f75e   p.......^..5....
0x00007f98d1cf9ca0:   00007f991c3e8150 00007f991c3e8190   P.>.......>.....
0x00007f98d1cf9cb0:   00007f9930083a00 00007f991c3e8190   .:.0......>.....
0x00007f98d1cf9cc0:   00007f98d1cf9d20 00000000ffffffff    ...............
0x00007f98d1cf9cd0:   0000000000000000 00007f98d1cfa6c0   ................
0x00007f98d1cf9ce0:   00007f99364435c8 00007f98d1cf9d00   .5D6............
0x00007f98d1cf9cf0:   00000000000000ca 00007f991c3e7ed8   .........~>.....
0x00007f98d1cf9d00:   00007f993644a548 00007f9930083a00   H.D6.....:.0....
0x00007f98d1cf9d10:   00007f993644a580 00007f9900000001   ..D6............
0x00007f98d1cf9d20:   0000000000000000 0000000000000000   ................
0x00007f98d1cf9d30:   0000000000000000 90f90816f5931900   ................
0x00007f98d1cf9d40:   00007f993003e2b8 00007f993003e2a8   ...0.......0....

Instructions: (pc=0x00007f9935d7d445)
0x00007f9935d7d345:   e0 04 48 01 d0 e9 d1 fe ff ff 48 83 f8 02 0f 85
0x00007f9935d7d355:   c5 f9 ff ff 49 8b 06 48 8d 7d c8 48 89 45 c8 e8
0x00007f9935d7d365:   b7 03 ed ff 48 c1 e8 03 83 e0 0f e9 b3 f9 ff ff
0x00007f9935d7d375:   48 83 f8 02 0f 85 c1 fd ff ff 49 8b 04 24 48 8d
0x00007f9935d7d385:   7d c8 48 89 45 c8 e8 90 03 ed ff 48 c1 e8 03 83
0x00007f9935d7d395:   e0 0f e9 af fd ff ff 0f 1f 40 00 8b 06 85 c0 74
0x00007f9935d7d3a5:   7a 55 48 89 e5 41 56 41 55 41 54 41 89 c4 53 48
0x00007f9935d7d3b5:   83 ec 10 48 8d 05 f1 1a 79 00 48 8b 15 a2 4d 7f
0x00007f9935d7d3c5:   00 8b 48 08 49 d3 e4 4c 03 20 4c 89 e1 48 2b 0a
0x00007f9935d7d3d5:   48 8b 52 10 48 89 c8 48 8d 0d c5 25 79 00 48 c1
0x00007f9935d7d3e5:   e8 03 8b 09 48 d3 e8 48 89 c1 48 89 c6 b8 01 00
0x00007f9935d7d3f5:   00 00 83 e1 3f 48 c1 ee 06 48 d3 e0 48 23 04 f2
0x00007f9935d7d405:   49 89 c5 74 1e 48 83 c4 10 5b 41 5c 41 5d 41 5e
0x00007f9935d7d415:   5d c3 66 0f 1f 84 00 00 00 00 00 c3 0f 1f 80 00
0x00007f9935d7d425:   00 00 00 4c 8d 35 d9 32 79 00 48 89 fb 41 0f b6
0x00007f9935d7d435:   06 84 c0 0f 84 da 01 00 00 48 8d 15 5b 1a 79 00
0x00007f9935d7d445:   41 8b 7c 24 08 8b 4a 08 48 d3 e7 48 03 3a 8b 4f
0x00007f9935d7d455:   08 85 c9 0f 8e 72 01 00 00 f6 c1 01 0f 85 c1 01
0x00007f9935d7d465:   00 00 c1 f9 03 4c 63 e9 48 8d 3d 6c 4d 7f 00 4c
0x00007f9935d7d475:   89 ea 4c 89 e6 e8 31 d9 fa ff 84 c0 74 87 48 8d
0x00007f9935d7d485:   3d 16 4d 7f 00 4c 89 ea 4c 89 e6 e8 ab 42 00 00
0x00007f9935d7d495:   41 80 3e 00 0f 84 d1 01 00 00 48 8d 15 fa 19 79
0x00007f9935d7d4a5:   00 41 8b 44 24 08 8b 4a 08 48 d3 e0 48 03 02 83
0x00007f9935d7d4b5:   78 0c 04 75 18 48 8d 05 97 7e 7c 00 48 63 00 4c
0x00007f9935d7d4c5:   01 e0 0f b6 00 a8 08 0f 84 ce 01 00 00 8b 83 88
0x00007f9935d7d4d5:   00 00 00 8b 8b 08 01 00 00 89 c2 29 ca 81 e2 ff
0x00007f9935d7d4e5:   ff 01 00 81 fa fd ff 01 00 0f 86 8c 01 00 00 48
0x00007f9935d7d4f5:   8b 93 a8 02 00 00 48 3b 93 90 02 00 00 0f 84 a5
0x00007f9935d7d505:   01 00 00 48 8b 83 c0 02 00 00 48 8d 04 d0 48 83
0x00007f9935d7d515:   c2 01 4c 89 20 48 89 93 a8 02 00 00 48 8d 05 98
0x00007f9935d7d525:   6f 7f 00 80 38 00 0f 84 d9 fe ff ff 4d 85 e4 0f
0x00007f9935d7d535:   84 d0 fe ff ff 41 80 3e 00 0f 84 cd 01 00 00 48


Stack slot to memory mapping:

stack at sp + 0 slots: 0x00007f9930083a00 points into unknown readable memory: 0x0000000000000000 | 00 00 00 00 00 00 00 00
stack at sp + 1 slots: 0x000000008254c210 is pointing into object: [Lorg.eclipse.jdt.internal.core.util.WeakHashSet$HashableWeakReference; 
{0x0000000082546200} - klass: 'org/eclipse/jdt/internal/core/util/WeakHashSet$HashableWeakReference'[]
 - length: 100348
stack at sp + 2 slots: 0x0000000082550210 is pointing into object: [Lorg.eclipse.jdt.internal.core.util.WeakHashSet$HashableWeakReference; 
{0x0000000082546200} - klass: 'org/eclipse/jdt/internal/core/util/WeakHashSet$HashableWeakReference'[]
 - length: 100348
stack at sp + 3 slots: 0x000000008254fcd8 is pointing into object: [Lorg.eclipse.jdt.internal.core.util.WeakHashSet$HashableWeakReference; 
{0x0000000082546200} - klass: 'org/eclipse/jdt/internal/core/util/WeakHashSet$HashableWeakReference'[]
 - length: 100348
stack at sp + 4 slots: 0x00007f9930083a00 points into unknown readable memory: 0x0000000000000000 | 00 00 00 00 00 00 00 00
stack at sp + 5 slots: 0x0000000000000001 is an unknown value
stack at sp + 6 slots: 0x00007f98d1cf9c80 points into unknown readable memory: 0x00007f98d1cf9d70 | 70 9d cf d1 98 7f 00 00
stack at sp + 7 slots: 0x00007f9935d87657: <offset 0x0000000000d87657> in /home/gabi/.vscode/extensions/redhat.java-1.55.0-linux-x64/jre/21.0.11-linux-x86_64/lib/server/libjvm.so at 0x00007f9935000000


---------------  P R O C E S S  ---------------

Threads class SMR info:
_java_thread_list=0x00007f9814000880, length=29, elements={
0x00007f993002ae70, 0x00007f9930175440, 0x00007f9930176980, 0x00007f99301780e0,
0x00007f99301796f0, 0x00007f993017ac60, 0x00007f993017c770, 0x00007f993017de00,
0x00007f99301cbe80, 0x00007f9930245140, 0x00007f9930413900, 0x00007f993046f840,
0x00007f9878025ca0, 0x00007f99304723d0, 0x00007f9864386df0, 0x00007f9864286eb0,
0x00007f98643b8e50, 0x00007f986445a300, 0x00007f98580024f0, 0x00007f98944920d0,
0x00007f9864a36820, 0x00007f985800b8d0, 0x00007f9848000f60, 0x00007f99304d4330,
0x00007f9848017d50, 0x00007f9834000f60, 0x00007f99305f89d0, 0x00007f99305f9cf0,
0x00007f98580db190
}

Java Threads: ( => current thread )
  0x00007f993002ae70 JavaThread "main"                              [_thread_blocked, id=30033, stack(0x00007f9934de9000,0x00007f9934ee9000) (1024K)]
  0x00007f9930175440 JavaThread "Reference Handler"          daemon [_thread_blocked, id=30039, stack(0x00007f991c1e9000,0x00007f991c2e9000) (1024K)]
  0x00007f9930176980 JavaThread "Finalizer"                  daemon [_thread_blocked, id=30040, stack(0x00007f991c0e9000,0x00007f991c1e9000) (1024K)]
  0x00007f99301780e0 JavaThread "Signal Dispatcher"          daemon [_thread_blocked, id=30041, stack(0x00007f98d2f00000,0x00007f98d3000000) (1024K)]
  0x00007f99301796f0 JavaThread "Service Thread"             daemon [_thread_blocked, id=30042, stack(0x00007f98d2e00000,0x00007f98d2f00000) (1024K)]
  0x00007f993017ac60 JavaThread "Monitor Deflation Thread"   daemon [_thread_blocked, id=30043, stack(0x00007f98d2d00000,0x00007f98d2e00000) (1024K)]
  0x00007f993017c770 JavaThread "C2 CompilerThread0"         daemon [_thread_blocked, id=30044, stack(0x00007f98d2c00000,0x00007f98d2d00000) (1024K)]
  0x00007f993017de00 JavaThread "C1 CompilerThread0"         daemon [_thread_blocked, id=30045, stack(0x00007f98d2b00000,0x00007f98d2c00000) (1024K)]
  0x00007f99301cbe80 JavaThread "Common-Cleaner"             daemon [_thread_blocked, id=30049, stack(0x00007f98d2900000,0x00007f98d2a00000) (1024K)]
  0x00007f9930245140 JavaThread "Notification Thread"        daemon [_thread_blocked, id=30051, stack(0x00007f98d2800000,0x00007f98d2900000) (1024K)]
  0x00007f9930413900 JavaThread "Active Thread: Equinox Container: b9cf0037-ccc7-416b-b2a2-36dcaa94afa3"        [_thread_blocked, id=30062, stack(0x00007f98d22fd000,0x00007f98d23fd000) (1024K)]
  0x00007f993046f840 JavaThread "Refresh Thread: Equinox Container: b9cf0037-ccc7-416b-b2a2-36dcaa94afa3" daemon [_thread_blocked, id=30067, stack(0x00007f98d21fd000,0x00007f98d22fd000) (1024K)]
  0x00007f9878025ca0 JavaThread "Framework Event Dispatcher: Equinox Container: b9cf0037-ccc7-416b-b2a2-36dcaa94afa3" daemon [_thread_blocked, id=30069, stack(0x00007f98d1ffc000,0x00007f98d20fc000) (1024K)]
  0x00007f99304723d0 JavaThread "Start Level: Equinox Container: b9cf0037-ccc7-416b-b2a2-36dcaa94afa3" daemon [_thread_blocked, id=30070, stack(0x00007f98d1efc000,0x00007f98d1ffc000) (1024K)]
  0x00007f9864386df0 JavaThread "Bundle File Closer"         daemon [_thread_blocked, id=30076, stack(0x00007f98d1cfb000,0x00007f98d1dfb000) (1024K)]
  0x00007f9864286eb0 JavaThread "SCR Component Actor"        daemon [_thread_blocked, id=30108, stack(0x00007f98d2a00000,0x00007f98d2b00000) (1024K)]
  0x00007f98643b8e50 JavaThread "Worker-JM"                         [_thread_blocked, id=30137, stack(0x00007f98d1afa000,0x00007f98d1bfa000) (1024K)]
  0x00007f986445a300 JavaThread "Worker-0"                          [_thread_blocked, id=30146, stack(0x00007f98d19fa000,0x00007f98d1afa000) (1024K)]
  0x00007f98580024f0 JavaThread "Worker-1"                          [_thread_blocked, id=30148, stack(0x00007f98d17f9000,0x00007f98d18f9000) (1024K)]
  0x00007f98944920d0 JavaThread "C2 CompilerThread1"         daemon [_thread_blocked, id=30149, stack(0x00007f98d2700000,0x00007f98d2800000) (1024K)]
  0x00007f9864a36820 JavaThread "Java indexing"              daemon [_thread_blocked, id=30154, stack(0x00007f98d16f9000,0x00007f98d17f9000) (1024K)]
  0x00007f985800b8d0 JavaThread "Worker-2: Initialize workspace"        [_thread_blocked, id=30171, stack(0x00007f98d1475000,0x00007f98d1575000) (1024K)]
  0x00007f9848000f60 JavaThread "Worker-3"                          [_thread_blocked, id=30173, stack(0x00007f98d1375000,0x00007f98d1475000) (1024K)]
  0x00007f99304d4330 JavaThread "pool-2-thread-1"                   [_thread_blocked, id=30175, stack(0x00007f98d1275000,0x00007f98d1375000) (1024K)]
  0x00007f9848017d50 JavaThread "Worker-4"                          [_thread_blocked, id=30178, stack(0x00007f98d15f9000,0x00007f98d16f9000) (1024K)]
  0x00007f9834000f60 JavaThread "Worker-5"                          [_thread_blocked, id=30179, stack(0x00007f98d1175000,0x00007f98d1275000) (1024K)]
  0x00007f99305f89d0 JavaThread "WorkspaceEventsHandler"            [_thread_blocked, id=30180, stack(0x00007f98d1075000,0x00007f98d1175000) (1024K)]
  0x00007f99305f9cf0 JavaThread "pool-1-thread-1"                   [_thread_blocked, id=30181, stack(0x00007f98d0f75000,0x00007f98d1075000) (1024K)]
  0x00007f98580db190 JavaThread "Keep-Alive-Timer"           daemon [_thread_blocked, id=30204, stack(0x00007f98d0d75000,0x00007f98d0e75000) (1024K)]
Total: 29

Other Threads:
  0x00007f993016c080 VMThread "VM Thread"                           [id=30038, stack(0x00007f991c2ea000,0x00007f991c3ea000) (1024K)]
  0x00007f9930052750 WatcherThread "VM Periodic Task Thread"        [id=30036, stack(0x00007f9934249000,0x00007f9934349000) (1024K)]
  0x00007f9930043930 WorkerThread "GC Thread#0"                     [id=30035, stack(0x00007f9934712000,0x00007f9934812000) (1024K)]
  0x00007f98c0000f50 WorkerThread "GC Thread#1"                     [id=30056, stack(0x00007f98d2600000,0x00007f98d2700000) (1024K)]
  0x00007f98c0002dc0 WorkerThread "GC Thread#2"                     [id=30057, stack(0x00007f98d24ff000,0x00007f98d25ff000) (1024K)]
  0x00007f98c0003860 WorkerThread "GC Thread#3"                     [id=30058, stack(0x00007f98d23fe000,0x00007f98d24fe000) (1024K)]
  0x00007f98c00044e0 WorkerThread "GC Thread#4"                     [id=30068, stack(0x00007f98d20fd000,0x00007f98d21fd000) (1024K)]
  0x00007f98c00055c0 WorkerThread "GC Thread#5"                     [id=30072, stack(0x00007f98d1dfc000,0x00007f98d1efc000) (1024K)]
=>0x00007f98c0006120 WorkerThread "GC Thread#6"                     [id=30109, stack(0x00007f98d1bfb000,0x00007f98d1cfb000) (1024K)]
  0x00007f98c0004f80 WorkerThread "GC Thread#7"                     [id=30147, stack(0x00007f98d18fa000,0x00007f98d19fa000) (1024K)]
Total: 10

Threads with active compile tasks:
C2 CompilerThread0  10718 7281       4       java.util.Properties$LineReader::readLine (584 bytes)
C1 CompilerThread0  10718 7508       2       org.eclipse.jdt.internal.compiler.parser.Parser::consumeRule (7843 bytes)
C2 CompilerThread1  10718 7175 %     4       org.lombokweb.asm.ClassReader::readCode @ 2187 (5117 bytes)
Total: 3

VM state: at safepoint (normal execution)

VM Mutex/Monitor currently owned by a thread:  ([mutex/lock_event])
[0x00007f993656bef8] Threads_lock - owner thread: 0x00007f993016c080
[0x00007f993656bdf8] Heap_lock - owner thread: 0x00007f99305f9cf0

Heap address: 0x0000000080000000, size: 2048 MB, Compressed Oops mode: 32-bit

CDS archive(s) mapped at: [0x00007f98d3000000-0x00007f98d3bba000-0x00007f98d3bba000), size 12296192, SharedBaseAddress: 0x00007f98d3000000, ArchiveRelocationMode: 1.
Compressed class space mapped at: 0x00007f98d4000000-0x00007f9914000000, reserved size: 1073741824
Narrow klass base: 0x00007f98d3000000, Narrow klass shift: 0, Narrow klass range: 0x100000000

GC Precious Log:
 CardTable entry size: 512
 CPUs: 8 total, 8 available
 Memory: 6855M
 Large Page Support: Disabled
 NUMA Support: Disabled
 Compressed Oops: Enabled (32-bit)
 Alignments: Space 512K, Generation 512K, Heap 2M
 Heap Min Capacity: 100M
 Heap Initial Capacity: 100M
 Heap Max Capacity: 2G
 Pre-touch: Disabled
 Parallel Workers: 8

Heap:
 PSYoungGen      total 17920K, used 736K [0x00000000d5580000, 0x00000000d6880000, 0x0000000100000000)
  eden space 15872K, 0% used [0x00000000d5580000,0x00000000d5580000,0x00000000d6500000)
  from space 2048K, 35% used [0x00000000d6500000,0x00000000d65b8190,0x00000000d6700000)
  to   space 1536K, 0% used [0x00000000d6700000,0x00000000d6700000,0x00000000d6880000)
 ParOldGen       total 68608K, used 46665K [0x0000000080000000, 0x0000000084300000, 0x00000000d5580000)
  object space 68608K, 68% used [0x0000000080000000,0x0000000082d925b8,0x0000000084300000)
 Metaspace       used 59121K, committed 60288K, reserved 1114112K
  class space    used 6467K, committed 6976K, reserved 1048576K

Card table byte_map: [0x00007f9934812000,0x00007f9934c13000] _byte_map_base: 0x00007f9934412000

Marking Bits: (ParMarkBitMap*) 0x00007f99365721e0
 Begin Bits: [0x00007f9914000000, 0x00007f9916000000)
 End Bits:   [0x00007f9916000000, 0x00007f9918000000)

Polling page: 0x00007f993686d000

Metaspace:

Usage:
  Non-class:     51.42 MB used.
      Class:      6.32 MB used.
       Both:     57.74 MB used.

Virtual space:
  Non-class space:       64.00 MB reserved,      52.06 MB ( 81%) committed,  1 nodes.
      Class space:        1.00 GB reserved,       6.81 MB ( <1%) committed,  1 nodes.
             Both:        1.06 GB reserved,      58.88 MB (  5%) committed. 

Chunk freelists:
   Non-Class:  11.56 MB
       Class:  9.03 MB
        Both:  20.59 MB

MaxMetaspaceSize: unlimited
CompressedClassSpaceSize: 1.00 GB
Initial GC threshold: 21.00 MB
Current GC threshold: 58.88 MB
CDS: on
 - commit_granule_bytes: 65536.
 - commit_granule_words: 8192.
 - virtual_space_node_default_size: 8388608.
 - enlarge_chunks_in_place: 1.
 - use_allocation_guard: 0.


Internal statistics:

num_allocs_failed_limit: 15.
num_arena_births: 860.
num_arena_deaths: 14.
num_vsnodes_births: 2.
num_vsnodes_deaths: 0.
num_space_committed: 942.
num_space_uncommitted: 0.
num_chunks_returned_to_freelist: 29.
num_chunks_taken_from_freelist: 3283.
num_chunk_merges: 16.
num_chunk_splits: 2073.
num_chunks_enlarged: 1243.
num_inconsistent_stats: 0.

CodeHeap 'non-profiled nmethods': size=120028Kb used=3335Kb max_used=3335Kb free=116693Kb
 bounds [0x00007f99258c9000, 0x00007f9925c19000, 0x00007f992ce00000]
CodeHeap 'profiled nmethods': size=120028Kb used=13972Kb max_used=13972Kb free=106055Kb
 bounds [0x00007f991de00000, 0x00007f991ebb0000, 0x00007f9925337000]
CodeHeap 'non-nmethods': size=5704Kb used=1421Kb max_used=1450Kb free=4282Kb
 bounds [0x00007f9925337000, 0x00007f99255a7000, 0x00007f99258c9000]
CodeCache: size=245760Kb, used=18728Kb, max_used=18757Kb, free=227030Kb
 total_blobs=7680, nmethods=6942, adapters=645, full_count=0
Compilation: enabled, stopped_count=0, restarted_count=0

Compilation events (20 events):
Event: 10.624 Thread 0x00007f993017de00 nmethod 7498 0x00007f991eb9af90 code [0x00007f991eb9b140, 0x00007f991eb9b340]
Event: 10.624 Thread 0x00007f993017de00 7499       2       jdk.internal.reflect.ClassFileAssembler::cpi (22 bytes)
Event: 10.624 Thread 0x00007f993017de00 nmethod 7499 0x00007f991eb9b490 code [0x00007f991eb9b640, 0x00007f991eb9b818]
Event: 10.626 Thread 0x00007f993017de00 7502       2       jdk.internal.reflect.UTF8::utf8Length (81 bytes)
Event: 10.626 Thread 0x00007f993017de00 nmethod 7502 0x00007f991eb9b910 code [0x00007f991eb9bac0, 0x00007f991eb9bd78]
Event: 10.626 Thread 0x00007f993017de00 7503       2       jdk.internal.reflect.ClassFileAssembler::emitConstantPoolUTF8 (50 bytes)
Event: 10.627 Thread 0x00007f993017de00 nmethod 7503 0x00007f991eb9c010 code [0x00007f991eb9c200, 0x00007f991eb9c5b8]
Event: 10.627 Thread 0x00007f993017de00 7504   !   2       org.eclipse.jdt.internal.compiler.parser.Scanner::getNextToken0 (3068 bytes)
Event: 10.641 Thread 0x00007f993017c770 nmethod 7182 0x00007f9925c02590 code [0x00007f9925c02d40, 0x00007f9925c076c8]
Event: 10.641 Thread 0x00007f993017c770 7281       4       java.util.Properties$LineReader::readLine (584 bytes)
Event: 10.643 Thread 0x00007f993017de00 nmethod 7504 0x00007f991eb9c890 code [0x00007f991eb9d2a0, 0x00007f991eba1330]
Event: 10.643 Thread 0x00007f993017de00 7516       2       org.eclipse.jdt.internal.compiler.parser.Scanner::getCurrentIdentifierSource (66 bytes)
Event: 10.643 Thread 0x00007f993017de00 nmethod 7516 0x00007f991eba4190 code [0x00007f991eba4340, 0x00007f991eba4508]
Event: 10.643 Thread 0x00007f993017de00 7509       2       java.io.DataOutputStream::incCount (20 bytes)
Event: 10.644 Thread 0x00007f993017de00 nmethod 7509 0x00007f991eba4610 code [0x00007f991eba47a0, 0x00007f991eba48b0]
Event: 10.644 Thread 0x00007f993017de00 7510       2       java.io.BufferedOutputStream::implWrite (71 bytes)
Event: 10.644 Thread 0x00007f993017de00 nmethod 7510 0x00007f991eba4910 code [0x00007f991eba4b00, 0x00007f991eba4e50]
Event: 10.644 Thread 0x00007f993017de00 7507       2       org.eclipse.jdt.internal.compiler.parser.Parser::ntAction (8 bytes)
Event: 10.644 Thread 0x00007f993017de00 nmethod 7507 0x00007f991eba5010 code [0x00007f991eba51a0, 0x00007f991eba52b8]
Event: 10.644 Thread 0x00007f993017de00 7508       2       org.eclipse.jdt.internal.compiler.parser.Parser::consumeRule (7843 bytes)

GC Heap History (20 events):
Event: 9.649 GC heap after
{Heap after GC invocations=28 (full 2):
 PSYoungGen      total 22016K, used 2016K [0x00000000d5580000, 0x00000000d6e00000, 0x0000000100000000)
  eden space 19968K, 0% used [0x00000000d5580000,0x00000000d5580000,0x00000000d6900000)
  from space 2048K, 98% used [0x00000000d6c00000,0x00000000d6df8010,0x00000000d6e00000)
  to   space 2560K, 0% used [0x00000000d6900000,0x00000000d6900000,0x00000000d6b80000)
 ParOldGen       total 68608K, used 34483K [0x0000000080000000, 0x0000000084300000, 0x00000000d5580000)
  object space 68608K, 50% used [0x0000000080000000,0x00000000821acf58,0x0000000084300000)
 Metaspace       used 51513K, committed 52672K, reserved 1114112K
  class space    used 5659K, committed 6144K, reserved 1048576K
}
Event: 9.707 GC heap before
{Heap before GC invocations=29 (full 2):
 PSYoungGen      total 22016K, used 21984K [0x00000000d5580000, 0x00000000d6e00000, 0x0000000100000000)
  eden space 19968K, 100% used [0x00000000d5580000,0x00000000d6900000,0x00000000d6900000)
  from space 2048K, 98% used [0x00000000d6c00000,0x00000000d6df8010,0x00000000d6e00000)
  to   space 2560K, 0% used [0x00000000d6900000,0x00000000d6900000,0x00000000d6b80000)
 ParOldGen       total 68608K, used 34483K [0x0000000080000000, 0x0000000084300000, 0x00000000d5580000)
  object space 68608K, 50% used [0x0000000080000000,0x00000000821acf58,0x0000000084300000)
 Metaspace       used 51587K, committed 52736K, reserved 1114112K
  class space    used 5661K, committed 6144K, reserved 1048576K
}
Event: 9.711 GC heap after
{Heap after GC invocations=29 (full 2):
 PSYoungGen      total 22016K, used 1784K [0x00000000d5580000, 0x00000000d6d00000, 0x0000000100000000)
  eden space 19968K, 0% used [0x00000000d5580000,0x00000000d5580000,0x00000000d6900000)
  from space 2048K, 87% used [0x00000000d6900000,0x00000000d6abe200,0x00000000d6b00000)
  to   space 2048K, 0% used [0x00000000d6b00000,0x00000000d6b00000,0x00000000d6d00000)
 ParOldGen       total 68608K, used 36395K [0x0000000080000000, 0x0000000084300000, 0x00000000d5580000)
  object space 68608K, 53% used [0x0000000080000000,0x000000008238af68,0x0000000084300000)
 Metaspace       used 51587K, committed 52736K, reserved 1114112K
  class space    used 5661K, committed 6144K, reserved 1048576K
}
Event: 9.870 GC heap before
{Heap before GC invocations=30 (full 2):
 PSYoungGen      total 22016K, used 21752K [0x00000000d5580000, 0x00000000d6d00000, 0x0000000100000000)
  eden space 19968K, 100% used [0x00000000d5580000,0x00000000d6900000,0x00000000d6900000)
  from space 2048K, 87% used [0x00000000d6900000,0x00000000d6abe200,0x00000000d6b00000)
  to   space 2048K, 0% used [0x00000000d6b00000,0x00000000d6b00000,0x00000000d6d00000)
 ParOldGen       total 68608K, used 36395K [0x0000000080000000, 0x0000000084300000, 0x00000000d5580000)
  object space 68608K, 53% used [0x0000000080000000,0x000000008238af68,0x0000000084300000)
 Metaspace       used 53113K, committed 54208K, reserved 1114112K
  class space    used 5812K, committed 6272K, reserved 1048576K
}
Event: 9.874 GC heap after
{Heap after GC invocations=30 (full 2):
 PSYoungGen      total 17920K, used 2023K [0x00000000d5580000, 0x00000000d7500000, 0x0000000100000000)
  eden space 15872K, 0% used [0x00000000d5580000,0x00000000d5580000,0x00000000d6500000)
  from space 2048K, 98% used [0x00000000d6b00000,0x00000000d6cf9e38,0x00000000d6d00000)
  to   space 6144K, 0% used [0x00000000d6500000,0x00000000d6500000,0x00000000d6b00000)
 ParOldGen       total 68608K, used 39585K [0x0000000080000000, 0x0000000084300000, 0x00000000d5580000)
  object space 68608K, 57% used [0x0000000080000000,0x00000000826a8400,0x0000000084300000)
 Metaspace       used 53113K, committed 54208K, reserved 1114112K
  class space    used 5812K, committed 6272K, reserved 1048576K
}
Event: 9.978 GC heap before
{Heap before GC invocations=31 (full 2):
 PSYoungGen      total 17920K, used 17895K [0x00000000d5580000, 0x00000000d7500000, 0x0000000100000000)
  eden space 15872K, 100% used [0x00000000d5580000,0x00000000d6500000,0x00000000d6500000)
  from space 2048K, 98% used [0x00000000d6b00000,0x00000000d6cf9e38,0x00000000d6d00000)
  to   space 6144K, 0% used [0x00000000d6500000,0x00000000d6500000,0x00000000d6b00000)
 ParOldGen       total 68608K, used 39585K [0x0000000080000000, 0x0000000084300000, 0x00000000d5580000)
  object space 68608K, 57% used [0x0000000080000000,0x00000000826a8400,0x0000000084300000)
 Metaspace       used 54102K, committed 55296K, reserved 1114112K
  class space    used 5944K, committed 6464K, reserved 1048576K
}
Event: 9.983 GC heap after
{Heap after GC invocations=31 (full 2):
 PSYoungGen      total 18944K, used 2968K [0x00000000d5580000, 0x00000000d6d00000, 0x0000000100000000)
  eden space 15872K, 0% used [0x00000000d5580000,0x00000000d5580000,0x00000000d6500000)
  from space 3072K, 96% used [0x00000000d6500000,0x00000000d67e61d0,0x00000000d6800000)
  to   space 4096K, 0% used [0x00000000d6900000,0x00000000d6900000,0x00000000d6d00000)
 ParOldGen       total 68608K, used 41314K [0x0000000080000000, 0x0000000084300000, 0x00000000d5580000)
  object space 68608K, 60% used [0x0000000080000000,0x0000000082858818,0x0000000084300000)
 Metaspace       used 54102K, committed 55296K, reserved 1114112K
  class space    used 5944K, committed 6464K, reserved 1048576K
}
Event: 10.093 GC heap before
{Heap before GC invocations=32 (full 2):
 PSYoungGen      total 18944K, used 18840K [0x00000000d5580000, 0x00000000d6d00000, 0x0000000100000000)
  eden space 15872K, 100% used [0x00000000d5580000,0x00000000d6500000,0x00000000d6500000)
  from space 3072K, 96% used [0x00000000d6500000,0x00000000d67e61d0,0x00000000d6800000)
  to   space 4096K, 0% used [0x00000000d6900000,0x00000000d6900000,0x00000000d6d00000)
 ParOldGen       total 68608K, used 41314K [0x0000000080000000, 0x0000000084300000, 0x00000000d5580000)
  object space 68608K, 60% used [0x0000000080000000,0x0000000082858818,0x0000000084300000)
 Metaspace       used 54924K, committed 56064K, reserved 1114112K
  class space    used 6029K, committed 6528K, reserved 1048576K
}
Event: 10.096 GC heap after
{Heap after GC invocations=32 (full 2):
 PSYoungGen      total 16384K, used 352K [0x00000000d5580000, 0x00000000d6980000, 0x0000000100000000)
  eden space 15872K, 0% used [0x00000000d5580000,0x00000000d5580000,0x00000000d6500000)
  from space 512K, 68% used [0x00000000d6900000,0x00000000d6958000,0x00000000d6980000)
  to   space 1536K, 0% used [0x00000000d6680000,0x00000000d6680000,0x00000000d6800000)
 ParOldGen       total 68608K, used 43805K [0x0000000080000000, 0x0000000084300000, 0x00000000d5580000)
  object space 68608K, 63% used [0x0000000080000000,0x0000000082ac7710,0x0000000084300000)
 Metaspace       used 54924K, committed 56064K, reserved 1114112K
  class space    used 6029K, committed 6528K, reserved 1048576K
}
Event: 10.176 GC heap before
{Heap before GC invocations=33 (full 2):
 PSYoungGen      total 16384K, used 16224K [0x00000000d5580000, 0x00000000d6980000, 0x0000000100000000)
  eden space 15872K, 100% used [0x00000000d5580000,0x00000000d6500000,0x00000000d6500000)
  from space 512K, 68% used [0x00000000d6900000,0x00000000d6958000,0x00000000d6980000)
  to   space 1536K, 0% used [0x00000000d6680000,0x00000000d6680000,0x00000000d6800000)
 ParOldGen       total 68608K, used 43805K [0x0000000080000000, 0x0000000084300000, 0x00000000d5580000)
  object space 68608K, 63% used [0x0000000080000000,0x0000000082ac7710,0x0000000084300000)
 Metaspace       used 55761K, committed 56896K, reserved 1114112K
  class space    used 6102K, committed 6592K, reserved 1048576K
}
Event: 10.178 GC heap after
{Heap after GC invocations=33 (full 2):
 PSYoungGen      total 17408K, used 1519K [0x00000000d5580000, 0x00000000d6a00000, 0x0000000100000000)
  eden space 15872K, 0% used [0x00000000d5580000,0x00000000d5580000,0x00000000d6500000)
  from space 1536K, 98% used [0x00000000d6680000,0x00000000d67fbca0,0x00000000d6800000)
  to   space 2048K, 0% used [0x00000000d6800000,0x00000000d6800000,0x00000000d6a00000)
 ParOldGen       total 68608K, used 44269K [0x0000000080000000, 0x0000000084300000, 0x00000000d5580000)
  object space 68608K, 64% used [0x0000000080000000,0x0000000082b3b710,0x0000000084300000)
 Metaspace       used 55761K, committed 56896K, reserved 1114112K
  class space    used 6102K, committed 6592K, reserved 1048576K
}
Event: 10.237 GC heap before
{Heap before GC invocations=34 (full 2):
 PSYoungGen      total 17408K, used 17391K [0x00000000d5580000, 0x00000000d6a00000, 0x0000000100000000)
  eden space 15872K, 100% used [0x00000000d5580000,0x00000000d6500000,0x00000000d6500000)
  from space 1536K, 98% used [0x00000000d6680000,0x00000000d67fbca0,0x00000000d6800000)
  to   space 2048K, 0% used [0x00000000d6800000,0x00000000d6800000,0x00000000d6a00000)
 ParOldGen       total 68608K, used 44269K [0x0000000080000000, 0x0000000084300000, 0x00000000d5580000)
  object space 68608K, 64% used [0x0000000080000000,0x0000000082b3b710,0x0000000084300000)
 Metaspace       used 55787K, committed 56896K, reserved 1114112K
  class space    used 6102K, committed 6592K, reserved 1048576K
}
Event: 10.241 GC heap after
{Heap after GC invocations=34 (full 2):
 PSYoungGen      total 16384K, used 502K [0x00000000d5580000, 0x00000000d6880000, 0x0000000100000000)
  eden space 15872K, 0% used [0x00000000d5580000,0x00000000d5580000,0x00000000d6500000)
  from space 512K, 98% used [0x00000000d6800000,0x00000000d687d9d0,0x00000000d6880000)
  to   space 1536K, 0% used [0x00000000d6580000,0x00000000d6580000,0x00000000d6700000)
 ParOldGen       total 68608K, used 45106K [0x0000000080000000, 0x0000000084300000, 0x00000000d5580000)
  object space 68608K, 65% used [0x0000000080000000,0x0000000082c0c888,0x0000000084300000)
 Metaspace       used 55787K, committed 56896K, reserved 1114112K
  class space    used 6102K, committed 6592K, reserved 1048576K
}
Event: 10.316 GC heap before
{Heap before GC invocations=35 (full 2):
 PSYoungGen      total 16384K, used 16374K [0x00000000d5580000, 0x00000000d6880000, 0x0000000100000000)
  eden space 15872K, 100% used [0x00000000d5580000,0x00000000d6500000,0x00000000d6500000)
  from space 512K, 98% used [0x00000000d6800000,0x00000000d687d9d0,0x00000000d6880000)
  to   space 1536K, 0% used [0x00000000d6580000,0x00000000d6580000,0x00000000d6700000)
 ParOldGen       total 68608K, used 45106K [0x0000000080000000, 0x0000000084300000, 0x00000000d5580000)
  object space 68608K, 65% used [0x0000000080000000,0x0000000082c0c888,0x0000000084300000)
 Metaspace       used 56576K, committed 57664K, reserved 1114112K
  class space    used 6174K, committed 6656K, reserved 1048576K
}
Event: 10.317 GC heap after
{Heap after GC invocations=35 (full 2):
 PSYoungGen      total 17408K, used 224K [0x00000000d5580000, 0x00000000d6880000, 0x0000000100000000)
  eden space 15872K, 0% used [0x00000000d5580000,0x00000000d5580000,0x00000000d6500000)
  from space 1536K, 14% used [0x00000000d6580000,0x00000000d65b8000,0x00000000d6700000)
  to   space 512K, 0% used [0x00000000d6800000,0x00000000d6800000,0x00000000d6880000)
 ParOldGen       total 68608K, used 45122K [0x0000000080000000, 0x0000000084300000, 0x00000000d5580000)
  object space 68608K, 65% used [0x0000000080000000,0x0000000082c10888,0x0000000084300000)
 Metaspace       used 56576K, committed 57664K, reserved 1114112K
  class space    used 6174K, committed 6656K, reserved 1048576K
}
Event: 10.598 GC heap before
{Heap before GC invocations=36 (full 2):
 PSYoungGen      total 17408K, used 16090K [0x00000000d5580000, 0x00000000d6880000, 0x0000000100000000)
  eden space 15872K, 99% used [0x00000000d5580000,0x00000000d64fea78,0x00000000d6500000)
  from space 1536K, 14% used [0x00000000d6580000,0x00000000d65b8000,0x00000000d6700000)
  to   space 512K, 0% used [0x00000000d6800000,0x00000000d6800000,0x00000000d6880000)
 ParOldGen       total 68608K, used 45122K [0x0000000080000000, 0x0000000084300000, 0x00000000d5580000)
  object space 68608K, 65% used [0x0000000080000000,0x0000000082c10888,0x0000000084300000)
 Metaspace       used 58048K, committed 59264K, reserved 1114112K
  class space    used 6346K, committed 6848K, reserved 1048576K
}
Event: 10.601 GC heap after
{Heap after GC invocations=36 (full 2):
 PSYoungGen      total 16384K, used 484K [0x00000000d5580000, 0x00000000d6900000, 0x0000000100000000)
  eden space 15872K, 0% used [0x00000000d5580000,0x00000000d5580000,0x00000000d6500000)
  from space 512K, 94% used [0x00000000d6800000,0x00000000d6879010,0x00000000d6880000)
  to   space 2048K, 0% used [0x00000000d6500000,0x00000000d6500000,0x00000000d6700000)
 ParOldGen       total 68608K, used 46267K [0x0000000080000000, 0x0000000084300000, 0x00000000d5580000)
  object space 68608K, 67% used [0x0000000080000000,0x0000000082d2eec0,0x0000000084300000)
 Metaspace       used 58048K, committed 59264K, reserved 1114112K
  class space    used 6346K, committed 6848K, reserved 1048576K
}
Event: 10.663 GC heap before
{Heap before GC invocations=37 (full 2):
 PSYoungGen      total 16384K, used 7722K [0x00000000d5580000, 0x00000000d6900000, 0x0000000100000000)
  eden space 15872K, 45% used [0x00000000d5580000,0x00000000d5c91800,0x00000000d6500000)
  from space 512K, 94% used [0x00000000d6800000,0x00000000d6879010,0x00000000d6880000)
  to   space 2048K, 0% used [0x00000000d6500000,0x00000000d6500000,0x00000000d6700000)
 ParOldGen       total 68608K, used 46267K [0x0000000080000000, 0x0000000084300000, 0x00000000d5580000)
  object space 68608K, 67% used [0x0000000080000000,0x0000000082d2eec0,0x0000000084300000)
 Metaspace       used 59121K, committed 60288K, reserved 1114112K
  class space    used 6467K, committed 6976K, reserved 1048576K
}
Event: 10.665 GC heap after
{Heap after GC invocations=37 (full 2):
 PSYoungGen      total 17920K, used 736K [0x00000000d5580000, 0x00000000d6880000, 0x0000000100000000)
  eden space 15872K, 0% used [0x00000000d5580000,0x00000000d5580000,0x00000000d6500000)
  from space 2048K, 35% used [0x00000000d6500000,0x00000000d65b8190,0x00000000d6700000)
  to   space 1536K, 0% used [0x00000000d6700000,0x00000000d6700000,0x00000000d6880000)
 ParOldGen       total 68608K, used 46665K [0x0000000080000000, 0x0000000084300000, 0x00000000d5580000)
  object space 68608K, 68% used [0x0000000080000000,0x0000000082d925b8,0x0000000084300000)
 Metaspace       used 59121K, committed 60288K, reserved 1114112K
  class space    used 6467K, committed 6976K, reserved 1048576K
}
Event: 10.665 GC heap before
{Heap before GC invocations=38 (full 3):
 PSYoungGen      total 17920K, used 736K [0x00000000d5580000, 0x00000000d6880000, 0x0000000100000000)
  eden space 15872K, 0% used [0x00000000d5580000,0x00000000d5580000,0x00000000d6500000)
  from space 2048K, 35% used [0x00000000d6500000,0x00000000d65b8190,0x00000000d6700000)
  to   space 1536K, 0% used [0x00000000d6700000,0x00000000d6700000,0x00000000d6880000)
 ParOldGen       total 68608K, used 46665K [0x0000000080000000, 0x0000000084300000, 0x00000000d5580000)
  object space 68608K, 68% used [0x0000000080000000,0x0000000082d925b8,0x0000000084300000)
 Metaspace       used 59121K, committed 60288K, reserved 1114112K
  class space    used 6467K, committed 6976K, reserved 1048576K
}

Dll operation events (12 events):
Event: 0.003 Loaded shared library /home/gabi/.vscode/extensions/redhat.java-1.55.0-linux-x64/jre/21.0.11-linux-x86_64/lib/libjava.so
Event: 0.061 Loaded shared library /home/gabi/.vscode/extensions/redhat.java-1.55.0-linux-x64/jre/21.0.11-linux-x86_64/lib/libzip.so
Event: 0.082 Loaded shared library /home/gabi/.vscode/extensions/redhat.java-1.55.0-linux-x64/jre/21.0.11-linux-x86_64/lib/libinstrument.so
Event: 0.085 Loaded shared library /home/gabi/.vscode/extensions/redhat.java-1.55.0-linux-x64/jre/21.0.11-linux-x86_64/lib/libnio.so
Event: 0.087 Loaded shared library /home/gabi/.vscode/extensions/redhat.java-1.55.0-linux-x64/jre/21.0.11-linux-x86_64/lib/libzip.so
Event: 0.102 Loaded shared library /home/gabi/.vscode/extensions/redhat.java-1.55.0-linux-x64/jre/21.0.11-linux-x86_64/lib/libjimage.so
Event: 0.166 Loaded shared library /home/gabi/.vscode/extensions/redhat.java-1.55.0-linux-x64/jre/21.0.11-linux-x86_64/lib/libverify.so
Event: 0.772 Loaded shared library /home/gabi/.vscode/extensions/redhat.java-1.55.0-linux-x64/jre/21.0.11-linux-x86_64/lib/libnet.so
Event: 1.335 Loaded shared library /home/gabi/.config/Code/User/globalStorage/redhat.java/1.55.0/config_linux/org.eclipse.equinox.launcher/org.eclipse.equinox.launcher.gtk.linux.x86_64_1.2.1600.v20260613-0559/eclipse_11924.so
Event: 4.855 Loaded shared library /home/gabi/.vscode/extensions/redhat.java-1.55.0-linux-x64/jre/21.0.11-linux-x86_64/lib/libmanagement.so
Event: 4.857 Loaded shared library /home/gabi/.vscode/extensions/redhat.java-1.55.0-linux-x64/jre/21.0.11-linux-x86_64/lib/libmanagement_ext.so
Event: 7.511 Loaded shared library /home/gabi/.vscode/extensions/redhat.java-1.55.0-linux-x64/jre/21.0.11-linux-x86_64/lib/libextnet.so

Deoptimization events (20 events):
Event: 10.563 Thread 0x00007f99305f9cf0 DEOPT PACKING pc=0x00007f99258d926c sp=0x00007f98d1072940
Event: 10.563 Thread 0x00007f99305f9cf0 DEOPT UNPACKING pc=0x00007f992538a399 sp=0x00007f98d1072890 mode 2
Event: 10.564 Thread 0x00007f99305f9cf0 Uncommon trap: trap_request=0xffffff45 fr.pc=0x00007f9925bb0a5c relative=0x000000000000031c
Event: 10.564 Thread 0x00007f99305f9cf0 Uncommon trap: reason=unstable_if action=reinterpret pc=0x00007f9925bb0a5c method=java.lang.AbstractStringBuilder.appendChars([CII)V @ 10 c2
Event: 10.564 Thread 0x00007f99305f9cf0 DEOPT PACKING pc=0x00007f9925bb0a5c sp=0x00007f98d1072b40
Event: 10.564 Thread 0x00007f99305f9cf0 DEOPT UNPACKING pc=0x00007f992538a399 sp=0x00007f98d1072ae8 mode 2
Event: 10.572 Thread 0x00007f99305f9cf0 Uncommon trap: trap_request=0xffffff45 fr.pc=0x00007f992594b4c4 relative=0x00000000000000a4
Event: 10.572 Thread 0x00007f99305f9cf0 Uncommon trap: reason=unstable_if action=reinterpret pc=0x00007f992594b4c4 method=java.util.regex.Pattern.append(II)V @ 9 c2
Event: 10.572 Thread 0x00007f99305f9cf0 DEOPT PACKING pc=0x00007f992594b4c4 sp=0x00007f98d10721f0
Event: 10.572 Thread 0x00007f99305f9cf0 DEOPT UNPACKING pc=0x00007f992538a399 sp=0x00007f98d10721a0 mode 2
Event: 10.592 Thread 0x00007f99305f9cf0 Uncommon trap: trap_request=0xffffff45 fr.pc=0x00007f99258d8b58 relative=0x00000000000002b8
Event: 10.592 Thread 0x00007f99305f9cf0 Uncommon trap: reason=unstable_if action=reinterpret pc=0x00007f99258d8b58 method=java.lang.String.decodeASCII([BI[CII)I @ 13 c2
Event: 10.592 Thread 0x00007f99305f9cf0 DEOPT PACKING pc=0x00007f99258d8b58 sp=0x00007f98d1072170
Event: 10.592 Thread 0x00007f99305f9cf0 DEOPT UNPACKING pc=0x00007f992538a399 sp=0x00007f98d1072140 mode 2
Event: 10.594 Thread 0x00007f99305f9cf0 DEOPT PACKING pc=0x00007f991e5056f1 sp=0x00007f98d10702b0
Event: 10.594 Thread 0x00007f99305f9cf0 DEOPT UNPACKING pc=0x00007f992538ab2f sp=0x00007f98d106f878 mode 0
Event: 10.633 Thread 0x00007f9848000f60 Uncommon trap: trap_request=0xffffff45 fr.pc=0x00007f9925bb9340 relative=0x00000000000001a0
Event: 10.633 Thread 0x00007f9848000f60 Uncommon trap: reason=unstable_if action=reinterpret pc=0x00007f9925bb9340 method=jdk.internal.org.objectweb.asm.Frame.push(I)V @ 26 c2
Event: 10.633 Thread 0x00007f9848000f60 DEOPT PACKING pc=0x00007f9925bb9340 sp=0x00007f98d1471f50
Event: 10.633 Thread 0x00007f9848000f60 DEOPT UNPACKING pc=0x00007f992538a399 sp=0x00007f98d1471ef8 mode 2

Classes loaded (20 events):
Event: 10.617 Loading class jdk/internal/reflect/MethodAccessorGenerator$1
Event: 10.617 Loading class jdk/internal/reflect/MethodAccessorGenerator$1 done
Event: 10.617 Loading class jdk/internal/reflect/ClassDefiner
Event: 10.618 Loading class jdk/internal/reflect/ClassDefiner done
Event: 10.619 Loading class jdk/internal/reflect/ClassDefiner$1
Event: 10.619 Loading class jdk/internal/reflect/ClassDefiner$1 done
Event: 10.620 Loading class jdk/internal/reflect/SerializationConstructorAccessorImpl
Event: 10.620 Loading class jdk/internal/reflect/SerializationConstructorAccessorImpl done
Event: 10.621 Loading class java/io/ClassCache$CacheRef
Event: 10.621 Loading class java/io/ClassCache$CacheRef done
Event: 10.621 Loading class java/io/ObjectStreamClass$FieldReflectorKey
Event: 10.621 Loading class java/io/ObjectStreamClass$FieldReflectorKey done
Event: 10.621 Loading class java/io/ObjectStreamClass$FieldReflector
Event: 10.622 Loading class java/io/ObjectStreamClass$FieldReflector done
Event: 10.624 Loading class java/io/ObjectStreamClass$ClassDataSlot
Event: 10.625 Loading class java/io/ObjectStreamClass$ClassDataSlot done
Event: 10.626 Loading class java/io/SerialCallbackContext
Event: 10.627 Loading class java/io/SerialCallbackContext done
Event: 10.627 Loading class java/util/concurrent/CompletableFuture$Signaller
Event: 10.628 Loading class java/util/concurrent/CompletableFuture$Signaller done

Classes unloaded (7 events):
Event: 6.025 Thread 0x00007f993016c080 Unloading class 0x00007f98d41aec00 'java/lang/invoke/LambdaForm$MH+0x00007f98d41aec00'
Event: 6.025 Thread 0x00007f993016c080 Unloading class 0x00007f98d41ae800 'java/lang/invoke/LambdaForm$MH+0x00007f98d41ae800'
Event: 6.025 Thread 0x00007f993016c080 Unloading class 0x00007f98d41ae400 'java/lang/invoke/LambdaForm$MH+0x00007f98d41ae400'
Event: 6.025 Thread 0x00007f993016c080 Unloading class 0x00007f98d41ae000 'java/lang/invoke/LambdaForm$MH+0x00007f98d41ae000'
Event: 6.025 Thread 0x00007f993016c080 Unloading class 0x00007f98d41adc00 'java/lang/invoke/LambdaForm$BMH+0x00007f98d41adc00'
Event: 6.025 Thread 0x00007f993016c080 Unloading class 0x00007f98d41ad800 'java/lang/invoke/LambdaForm$DMH+0x00007f98d41ad800'
Event: 6.025 Thread 0x00007f993016c080 Unloading class 0x00007f98d41ac400 'java/lang/invoke/LambdaForm$DMH+0x00007f98d41ac400'

Classes redefined (0 events):
No events

Internal exceptions (20 events):
Event: 10.390 Thread 0x00007f98580024f0 Exception <a 'sun/nio/fs/UnixException'{0x00000000d595b278}> (0x00000000d595b278) 
thrown [src/hotspot/share/prims/jni.cpp, line 520]
Event: 10.391 Thread 0x00007f98580024f0 Exception <a 'sun/nio/fs/UnixException'{0x00000000d595e988}> (0x00000000d595e988) 
thrown [src/hotspot/share/prims/jni.cpp, line 520]
Event: 10.392 Thread 0x00007f98580024f0 Exception <a 'sun/nio/fs/UnixException'{0x00000000d5965d98}> (0x00000000d5965d98) 
thrown [src/hotspot/share/prims/jni.cpp, line 520]
Event: 10.392 Thread 0x00007f98580024f0 Exception <a 'sun/nio/fs/UnixException'{0x00000000d596bad0}> (0x00000000d596bad0) 
thrown [src/hotspot/share/prims/jni.cpp, line 520]
Event: 10.394 Thread 0x00007f98580024f0 Exception <a 'sun/nio/fs/UnixException'{0x00000000d59783b8}> (0x00000000d59783b8) 
thrown [src/hotspot/share/prims/jni.cpp, line 520]
Event: 10.401 Thread 0x00007f98580024f0 Exception <a 'sun/nio/fs/UnixException'{0x00000000d59b33c0}> (0x00000000d59b33c0) 
thrown [src/hotspot/share/prims/jni.cpp, line 520]
Event: 10.422 Thread 0x00007f98580024f0 Exception <a 'java/lang/ClassNotFoundException'{0x00000000d5a67860}: com/sun/org/apache/xerces/internal/impl/msg/spi/DOMMessagesProvider> (0x00000000d5a67860) 
thrown [src/hotspot/share/classfile/systemDictionary.cpp, line 313]
Event: 10.423 Thread 0x00007f98580024f0 Exception <a 'java/lang/ClassNotFoundException'{0x00000000d5a78d18}: com/sun/org/apache/xerces/internal/impl/msg/spi/XMLSerializerMessagesProvider> (0x00000000d5a78d18) 
thrown [src/hotspot/share/classfile/systemDictionary.cpp, line 313]
Event: 10.423 Thread 0x00007f98580024f0 Exception <a 'java/lang/ClassNotFoundException'{0x00000000d5a85d88}: com/sun/org/apache/xerces/internal/impl/msg/spi/XMLMessagesProvider> (0x00000000d5a85d88) 
thrown [src/hotspot/share/classfile/systemDictionary.cpp, line 313]
Event: 10.432 Thread 0x00007f98580024f0 Exception <a 'sun/nio/fs/UnixException'{0x00000000d5b09f40}> (0x00000000d5b09f40) 
thrown [src/hotspot/share/prims/jni.cpp, line 520]
Event: 10.433 Thread 0x00007f98580024f0 Exception <a 'sun/nio/fs/UnixException'{0x00000000d5b0f720}> (0x00000000d5b0f720) 
thrown [src/hotspot/share/prims/jni.cpp, line 520]
Event: 10.435 Thread 0x00007f98580024f0 Exception <a 'java/io/FileNotFoundException'{0x00000000d5b19db0}> (0x00000000d5b19db0) 
thrown [src/hotspot/share/prims/jni.cpp, line 520]
Event: 10.450 Thread 0x00007f98580024f0 Exception <a 'java/io/FileNotFoundException'{0x00000000d5b4b2c8}> (0x00000000d5b4b2c8) 
thrown [src/hotspot/share/prims/jni.cpp, line 520]
Event: 10.450 Thread 0x00007f98580024f0 Exception <a 'java/io/FileNotFoundException'{0x00000000d5b4c1d0}> (0x00000000d5b4c1d0) 
thrown [src/hotspot/share/prims/jni.cpp, line 520]
Event: 10.450 Thread 0x00007f98580024f0 Exception <a 'java/io/FileNotFoundException'{0x00000000d5b4ce58}> (0x00000000d5b4ce58) 
thrown [src/hotspot/share/prims/jni.cpp, line 520]
Event: 10.477 Thread 0x00007f98580024f0 Exception <a 'sun/nio/fs/UnixException'{0x00000000d5d38fb0}> (0x00000000d5d38fb0) 
thrown [src/hotspot/share/prims/jni.cpp, line 520]
Event: 10.504 Thread 0x00007f98580024f0 Exception <a 'sun/nio/fs/UnixException'{0x00000000d5de4230}> (0x00000000d5de4230) 
thrown [src/hotspot/share/prims/jni.cpp, line 520]
Event: 10.612 Thread 0x00007f9848000f60 Exception <a 'java/lang/NoSuchMethodError'{0x00000000d5748c48}: 'long java.lang.invoke.Invokers$Holder.invokeExact_MT(java.lang.Object, java.lang.Object)'> (0x00000000d5748c48) 
thrown [src/hotspot/share/interpreter/linkResolver.cpp, line 772]
Event: 10.634 Thread 0x00007f9848000f60 Exception <a 'java/lang/NoSuchMethodError'{0x00000000d5a3d4c8}: 'java.lang.Object java.lang.invoke.DirectMethodHandle$Holder.newInvokeSpecial(java.lang.Object, java.lang.Object, java.lang.Object, java.lang.Object, java.lang.Object, java.lang.Object, java.lang.Object, java.lang.Object)'> (0x00000000d5a3d4c8) 
thrown [src/hotspot/share/interpreter/linkResolver.cpp, line 772]
Event: 10.638 Thread 0x00007f9848000f60 Exception <a 'sun/nio/fs/UnixException'{0x00000000d5a73660}> (0x00000000d5a73660) 
thrown [src/hotspot/share/prims/jni.cpp, line 520]

ZGC Phase Switch (0 events):
No events

VM Operations (20 events):
Event: 10.241 Executing safepoint VM operation: ParallelGCFailedAllocation (Allocation Failure) done
Event: 10.316 Executing safepoint VM operation: ParallelGCFailedAllocation (Allocation Failure)
Event: 10.317 Executing safepoint VM operation: ParallelGCFailedAllocation (Allocation Failure) done
Event: 10.410 Executing non-safepoint VM operation: HandshakeAllThreads (Deoptimize)
Event: 10.410 Executing non-safepoint VM operation: HandshakeAllThreads (Deoptimize) done
Event: 10.416 Executing non-safepoint VM operation: HandshakeAllThreads (Deoptimize)
Event: 10.416 Executing non-safepoint VM operation: HandshakeAllThreads (Deoptimize) done
Event: 10.481 Executing non-safepoint VM operation: HandshakeAllThreads (Deoptimize)
Event: 10.481 Executing non-safepoint VM operation: HandshakeAllThreads (Deoptimize) done
Event: 10.596 Executing safepoint VM operation: ParallelGCFailedAllocation (Allocation Failure)
Event: 10.601 Executing safepoint VM operation: ParallelGCFailedAllocation (Allocation Failure) done
Event: 10.601 Executing non-safepoint VM operation: HandshakeAllThreads (Deoptimize)
Event: 10.601 Executing non-safepoint VM operation: HandshakeAllThreads (Deoptimize) done
Event: 10.603 Executing non-safepoint VM operation: HandshakeAllThreads (Deoptimize)
Event: 10.605 Executing non-safepoint VM operation: HandshakeAllThreads (Deoptimize) done
Event: 10.608 Executing non-safepoint VM operation: HandshakeAllThreads (Deoptimize)
Event: 10.608 Executing non-safepoint VM operation: HandshakeAllThreads (Deoptimize) done
Event: 10.658 Executing non-safepoint VM operation: HandshakeAllThreads (Deoptimize)
Event: 10.658 Executing non-safepoint VM operation: HandshakeAllThreads (Deoptimize) done
Event: 10.663 Executing safepoint VM operation: CollectForMetadataAllocation (Metadata GC Threshold)

Memory protections (20 events):
Event: 3.955 Protecting memory [0x00007f98d2a00000,0x00007f98d2a04000] with protection modes 0
Event: 4.207 Protecting memory [0x00007f98d2700000,0x00007f98d2704000] with protection modes 0
Event: 4.678 Protecting memory [0x00007f98d1afa000,0x00007f98d1afe000] with protection modes 0
Event: 5.006 Protecting memory [0x00007f98d19fa000,0x00007f98d19fe000] with protection modes 0
Event: 5.056 Protecting memory [0x00007f98d17f9000,0x00007f98d17fd000] with protection modes 0
Event: 5.349 Protecting memory [0x00007f98d2700000,0x00007f98d2704000] with protection modes 0
Event: 6.389 Protecting memory [0x00007f98d16f9000,0x00007f98d16fd000] with protection modes 0
Event: 6.637 Protecting memory [0x00007f98d1475000,0x00007f98d1479000] with protection modes 0
Event: 6.711 Protecting memory [0x00007f98d1375000,0x00007f98d1379000] with protection modes 0
Event: 6.773 Protecting memory [0x00007f98d1275000,0x00007f98d1279000] with protection modes 0
Event: 6.891 Protecting memory [0x00007f98d15f9000,0x00007f98d15fd000] with protection modes 0
Event: 7.102 Protecting memory [0x00007f98d1175000,0x00007f98d1179000] with protection modes 0
Event: 7.192 Protecting memory [0x00007f98d1075000,0x00007f98d1079000] with protection modes 0
Event: 7.193 Protecting memory [0x00007f98d0f75000,0x00007f98d0f79000] with protection modes 0
Event: 8.804 Protecting memory [0x00007f98d0e75000,0x00007f98d0e79000] with protection modes 0
Event: 8.839 Protecting memory [0x00007f98d0d75000,0x00007f98d0d79000] with protection modes 0
Event: 9.928 Protecting memory [0x00007f98d0d75000,0x00007f98d0d79000] with protection modes 0
Event: 10.573 Protecting memory [0x00007f98d0e75000,0x00007f98d0e79000] with protection modes 0
Event: 10.603 Protecting memory [0x00007f98d0e75000,0x00007f98d0e79000] with protection modes 0
Event: 10.605 Protecting memory [0x00007f98d0c75000,0x00007f98d0c79000] with protection modes 0

Nmethod flushes (20 events):
Event: 7.078 Thread 0x00007f993016c080 flushing  nmethod 0x00007f991e32f610
Event: 7.078 Thread 0x00007f993016c080 flushing  nmethod 0x00007f991e359190
Event: 7.078 Thread 0x00007f993016c080 flushing  nmethod 0x00007f991e3abb10
Event: 7.078 Thread 0x00007f993016c080 flushing  nmethod 0x00007f991e3acf90
Event: 7.078 Thread 0x00007f993016c080 flushing  nmethod 0x00007f991e3ad890
Event: 7.078 Thread 0x00007f993016c080 flushing  nmethod 0x00007f991e3adc90
Event: 7.078 Thread 0x00007f993016c080 flushing  nmethod 0x00007f991e3ae410
Event: 7.078 Thread 0x00007f993016c080 flushing  nmethod 0x00007f991e3af610
Event: 7.078 Thread 0x00007f993016c080 flushing  nmethod 0x00007f991e3b0e90
Event: 7.078 Thread 0x00007f993016c080 flushing  nmethod 0x00007f991e3b1390
Event: 7.078 Thread 0x00007f993016c080 flushing  nmethod 0x00007f991e3b2090
Event: 7.078 Thread 0x00007f993016c080 flushing  nmethod 0x00007f991e3b2c10
Event: 7.078 Thread 0x00007f993016c080 flushing  nmethod 0x00007f991e3b4790
Event: 7.078 Thread 0x00007f993016c080 flushing  nmethod 0x00007f991e3bf390
Event: 7.078 Thread 0x00007f993016c080 flushing  nmethod 0x00007f991e3cd490
Event: 7.078 Thread 0x00007f993016c080 flushing  nmethod 0x00007f991e3d3210
Event: 7.078 Thread 0x00007f993016c080 flushing  nmethod 0x00007f991e420c90
Event: 7.078 Thread 0x00007f993016c080 flushing  nmethod 0x00007f991e479510
Event: 7.078 Thread 0x00007f993016c080 flushing  nmethod 0x00007f991e4a5810
Event: 7.078 Thread 0x00007f993016c080 flushing  nmethod 0x00007f991e4b6010

Events (20 events):
Event: 5.349 Thread 0x00007f993017de00 Thread added: 0x00007f98944920d0
Event: 6.389 Thread 0x00007f99304723d0 Thread added: 0x00007f9864a36820
Event: 6.636 Thread 0x00007f986445a300 Thread added: 0x00007f985800b8d0
Event: 6.710 Thread 0x00007f985800b8d0 Thread added: 0x00007f9848000f60
Event: 6.773 Thread 0x00007f993002ae70 Thread added: 0x00007f99304d4330
Event: 6.887 Thread 0x00007f985800b8d0 Thread added: 0x00007f9848017d50
Event: 7.102 Thread 0x00007f9848017d50 Thread added: 0x00007f9834000f60
Event: 7.192 Thread 0x00007f993002ae70 Thread added: 0x00007f99305f89d0
Event: 7.193 Thread 0x00007f993002ae70 Thread added: 0x00007f99305f9cf0
Event: 8.804 Thread 0x00007f98580024f0 Thread added: 0x00007f9850139fe0
Event: 8.839 Thread 0x00007f986445a300 Thread added: 0x00007f98580e0180
Event: 8.839 Thread 0x00007f98580e0180 Thread exited: 0x00007f98580e0180
Event: 9.927 Thread 0x00007f986445a300 Thread added: 0x00007f98580db190
Event: 10.492 Thread 0x00007f9850139fe0 Thread exited: 0x00007f9850139fe0
Event: 10.573 Thread 0x00007f9848000f60 Thread added: 0x00007f983c04a670
Event: 10.587 Thread 0x00007f983c04a670 Thread exited: 0x00007f983c04a670
Event: 10.603 Thread 0x00007f9848000f60 Thread added: 0x00007f983c5a65c0
Event: 10.605 Thread 0x00007f983c5a65c0 Thread added: 0x00007f9824003c70
Event: 10.606 Thread 0x00007f983c5a65c0 Thread exited: 0x00007f983c5a65c0
Event: 10.606 Thread 0x00007f9824003c70 Thread exited: 0x00007f9824003c70


Dynamic libraries:
80000000-84300000 rw-p 00000000 00:00 0 
84300000-d5580000 ---p 00000000 00:00 0 
d5580000-d6880000 rw-p 00000000 00:00 0 
d6880000-100000000 ---p 00000000 00:00 0 
55fceda87000-55fceda88000 r-xp 00000000 00:22 420809                     /home/gabi/.vscode/extensions/redhat.java-1.55.0-linux-x64/jre/21.0.11-linux-x86_64/bin/java
55fceda89000-55fceda8a000 r--p 00001000 00:22 420809                     /home/gabi/.vscode/extensions/redhat.java-1.55.0-linux-x64/jre/21.0.11-linux-x86_64/bin/java
55fceda8a000-55fceda8b000 rw-p 00002000 00:22 420809                     /home/gabi/.vscode/extensions/redhat.java-1.55.0-linux-x64/jre/21.0.11-linux-x86_64/bin/java
55fcfc1c6000-55fcfc213000 rw-p 00000000 00:00 0                          [heap]
7f9814000000-7f9814021000 rw-p 00000000 00:00 0 
7f9814021000-7f9818000000 ---p 00000000 00:00 0 
7f981b400000-7f9823f1f000 r--s 00000000 00:22 20982                      /usr/lib/jvm/java-25-openjdk/lib/modules
7f9824000000-7f9824021000 rw-p 00000000 00:00 0 
7f9824021000-7f9828000000 ---p 00000000 00:00 0 
7f9828000000-7f9828021000 rw-p 00000000 00:00 0 
7f9828021000-7f982c000000 ---p 00000000 00:00 0 
7f982c000000-7f982c021000 rw-p 00000000 00:00 0 
7f982c021000-7f9830000000 ---p 00000000 00:00 0 
7f9830000000-7f98300f7000 rw-p 00000000 00:00 0 
7f98300f7000-7f9834000000 ---p 00000000 00:00 0 
7f9834000000-7f9834021000 rw-p 00000000 00:00 0 
7f9834021000-7f9838000000 ---p 00000000 00:00 0 
7f9838000000-7f9838021000 rw-p 00000000 00:00 0 
7f9838021000-7f983c000000 ---p 00000000 00:00 0 
7f983c000000-7f983c6d5000 rw-p 00000000 00:00 0 
7f983c6d5000-7f9840000000 ---p 00000000 00:00 0 
7f9840000000-7f9840021000 rw-p 00000000 00:00 0 
7f9840021000-7f9844000000 ---p 00000000 00:00 0 
7f9844000000-7f9844021000 rw-p 00000000 00:00 0 
7f9844021000-7f9848000000 ---p 00000000 00:00 0 
7f9848000000-7f98480c1000 rw-p 00000000 00:00 0 
7f98480c1000-7f984c000000 ---p 00000000 00:00 0 
7f984c000000-7f984c021000 rw-p 00000000 00:00 0 
7f984c021000-7f9850000000 ---p 00000000 00:00 0 
7f9850000000-7f985041f000 rw-p 00000000 00:00 0 
7f985041f000-7f9854000000 ---p 00000000 00:00 0 
7f9854000000-7f9854021000 rw-p 00000000 00:00 0 
7f9854021000-7f9858000000 ---p 00000000 00:00 0 
7f9858000000-7f9858105000 rw-p 00000000 00:00 0 
7f9858105000-7f985c000000 ---p 00000000 00:00 0 
7f985c000000-7f985c021000 rw-p 00000000 00:00 0 
7f985c021000-7f9860000000 ---p 00000000 00:00 0 
7f9860000000-7f9860e60000 rw-p 00000000 00:00 0 
7f9860e60000-7f9864000000 ---p 00000000 00:00 0 
7f9864000000-7f9864b17000 rw-p 00000000 00:00 0 
7f9864b17000-7f9868000000 ---p 00000000 00:00 0 
7f9868000000-7f9868021000 rw-p 00000000 00:00 0 
7f9868021000-7f986c000000 ---p 00000000 00:00 0 
7f986c000000-7f986c021000 rw-p 00000000 00:00 0 
7f986c021000-7f9870000000 ---p 00000000 00:00 0 
7f9870000000-7f9870021000 rw-p 00000000 00:00 0 
7f9870021000-7f9874000000 ---p 00000000 00:00 0 
7f9874000000-7f9874021000 rw-p 00000000 00:00 0 
7f9874021000-7f9878000000 ---p 00000000 00:00 0 
7f9878000000-7f9878030000 rw-p 00000000 00:00 0 
7f9878030000-7f987c000000 ---p 00000000 00:00 0 
7f987c000000-7f987c021000 rw-p 00000000 00:00 0 
7f987c021000-7f9880000000 ---p 00000000 00:00 0 
7f9880000000-7f9880021000 rw-p 00000000 00:00 0 
7f9880021000-7f9884000000 ---p 00000000 00:00 0 
7f9884000000-7f98843d5000 rw-p 00000000 00:00 0 
7f98843d5000-7f9888000000 ---p 00000000 00:00 0 
7f9888000000-7f9888021000 rw-p 00000000 00:00 0 
7f9888021000-7f988c000000 ---p 00000000 00:00 0 
7f988c000000-7f988c021000 rw-p 00000000 00:00 0 
7f988c021000-7f9890000000 ---p 00000000 00:00 0 
7f9890000000-7f9890021000 rw-p 00000000 00:00 0 
7f9890021000-7f9894000000 ---p 00000000 00:00 0 
7f9894000000-7f9894c80000 rw-p 00000000 00:00 0 
7f9894c80000-7f9898000000 ---p 00000000 00:00 0 
7f9898000000-7f9898442000 rw-p 00000000 00:00 0 
7f9898442000-7f989c000000 ---p 00000000 00:00 0 
7f989c000000-7f989c021000 rw-p 00000000 00:00 0 
7f989c021000-7f98a0000000 ---p 00000000 00:00 0 
7f98a0000000-7f98a1493000 rw-p 00000000 00:00 0 
7f98a1493000-7f98a4000000 ---p 00000000 00:00 0 
7f98a4000000-7f98a4021000 rw-p 00000000 00:00 0 
7f98a4021000-7f98a8000000 ---p 00000000 00:00 0 
7f98a8000000-7f98a8021000 rw-p 00000000 00:00 0 
7f98a8021000-7f98ac000000 ---p 00000000 00:00 0 
7f98ac000000-7f98ac021000 rw-p 00000000 00:00 0 
7f98ac021000-7f98b0000000 ---p 00000000 00:00 0 
7f98b2000000-7f98bfe92000 r--p 00000000 00:22 196630                     /usr/lib/locale/locale-archive
7f98c0000000-7f98c0021000 rw-p 00000000 00:00 0 
7f98c0021000-7f98c4000000 ---p 00000000 00:00 0 
7f98c4000000-7f98c4021000 rw-p 00000000 00:00 0 
7f98c4021000-7f98c8000000 ---p 00000000 00:00 0 
7f98c8000000-7f98c8400000 rw-p 00000000 00:00 0 
7f98c8400000-7f98c87c0000 rw-p 00000000 00:00 0 
7f98c87c0000-7f98c8800000 rw-p 00000000 00:00 0 
7f98c8800000-7f98c88e0000 rw-p 00000000 00:00 0 
7f98c88e0000-7f98c8900000 rw-p 00000000 00:00 0 
7f98c8900000-7f98c8b00000 rw-p 00000000 00:00 0 
7f98c8b00000-7f98c8c00000 rw-p 00000000 00:00 0 
7f98c8c00000-7f98c9180000 rw-p 00000000 00:00 0 
7f98c9180000-7f98c9200000 rw-p 00000000 00:00 0 
7f98c9200000-7f98c9900000 rw-p 00000000 00:00 0 
7f98c9900000-7f98c9a00000 rw-p 00000000 00:00 0 
7f98c9a00000-7f98c9b00000 rw-p 00000000 00:00 0 
7f98c9b00000-7f98c9d00000 rw-p 00000000 00:00 0 
7f98c9d00000-7f98c9e00000 rw-p 00000000 00:00 0 
7f98c9e00000-7f98c9f00000 rw-p 00000000 00:00 0 
7f98c9f00000-7f98ca000000 rw-p 00000000 00:00 0 
7f98ca000000-7f98ca500000 rw-p 00000000 00:00 0 
7f98ca500000-7f98ca600000 rw-p 00000000 00:00 0 
7f98ca600000-7f98ca780000 rw-p 00000000 00:00 0 
7f98ca780000-7f98ca800000 rw-p 00000000 00:00 0 
7f98ca800000-7f98ca900000 rw-p 00000000 00:00 0 
7f98ca900000-7f98caa00000 rw-p 00000000 00:00 0 
7f98caa00000-7f98cb380000 rw-p 00000000 00:00 0 
7f98cb380000-7f98cb3a0000 rw-p 00000000 00:00 0 
7f98cb3a0000-7f98cb400000 ---p 00000000 00:00 0 
7f98cb400000-7f98cb470000 rw-p 00000000 00:00 0 
7f98cb470000-7f98cc000000 ---p 00000000 00:00 0 
7f98cc000000-7f98cc021000 rw-p 00000000 00:00 0 
7f98cc021000-7f98d0000000 ---p 00000000 00:00 0 
7f98d098e000-7f98d0c75000 rw-p 00000000 00:00 0 
7f98d0c75000-7f98d0c79000 ---p 00000000 00:00 0 
7f98d0c79000-7f98d0d75000 rw-p 00000000 00:00 0 
7f98d0d75000-7f98d0d79000 ---p 00000000 00:00 0 
7f98d0d79000-7f98d0e75000 rw-p 00000000 00:00 0 
7f98d0e75000-7f98d0e79000 ---p 00000000 00:00 0 
7f98d0e79000-7f98d0f75000 rw-p 00000000 00:00 0 
7f98d0f75000-7f98d0f79000 ---p 00000000 00:00 0 
7f98d0f79000-7f98d1075000 rw-p 00000000 00:00 0 
7f98d1075000-7f98d1079000 ---p 00000000 00:00 0 
7f98d1079000-7f98d1175000 rw-p 00000000 00:00 0 
7f98d1175000-7f98d1179000 ---p 00000000 00:00 0 
7f98d1179000-7f98d1275000 rw-p 00000000 00:00 0 
7f98d1275000-7f98d1279000 ---p 00000000 00:00 0 
7f98d1279000-7f98d1375000 rw-p 00000000 00:00 0 
7f98d1375000-7f98d1379000 ---p 00000000 00:00 0 
7f98d1379000-7f98d1475000 rw-p 00000000 00:00 0 
7f98d1475000-7f98d1479000 ---p 00000000 00:00 0 
7f98d1479000-7f98d1575000 rw-p 00000000 00:00 0 
7f98d15f9000-7f98d15fd000 ---p 00000000 00:00 0 
7f98d15fd000-7f98d16f9000 rw-p 00000000 00:00 0 
7f98d16f9000-7f98d16fd000 ---p 00000000 00:00 0 
7f98d16fd000-7f98d17f9000 rw-p 00000000 00:00 0 
7f98d17f9000-7f98d17fd000 ---p 00000000 00:00 0 
7f98d17fd000-7f98d19fa000 rw-p 00000000 00:00 0 
7f98d19fa000-7f98d19fe000 ---p 00000000 00:00 0 
7f98d19fe000-7f98d1afa000 rw-p 00000000 00:00 0 
7f98d1afa000-7f98d1afe000 ---p 00000000 00:00 0 
7f98d1afe000-7f98d1cfb000 rw-p 00000000 00:00 0 
7f98d1cfb000-7f98d1cff000 ---p 00000000 00:00 0 
7f98d1cff000-7f98d1efc000 rw-p 00000000 00:00 0 
7f98d1efc000-7f98d1f00000 ---p 00000000 00:00 0 
7f98d1f00000-7f98d1ffc000 rw-p 00000000 00:00 0 
7f98d1ffc000-7f98d2000000 ---p 00000000 00:00 0 
7f98d2000000-7f98d21fd000 rw-p 00000000 00:00 0 
7f98d21fd000-7f98d2201000 ---p 00000000 00:00 0 
7f98d2201000-7f98d22fd000 rw-p 00000000 00:00 0 
7f98d22fd000-7f98d2301000 ---p 00000000 00:00 0 
7f98d2301000-7f98d2700000 rw-p 00000000 00:00 0 
7f98d2700000-7f98d2704000 ---p 00000000 00:00 0 
7f98d2704000-7f98d2800000 rw-p 00000000 00:00 0 
7f98d2800000-7f98d2804000 ---p 00000000 00:00 0 
7f98d2804000-7f98d2900000 rw-p 00000000 00:00 0 
7f98d2900000-7f98d2904000 ---p 00000000 00:00 0 
7f98d2904000-7f98d2a00000 rw-p 00000000 00:00 0 
7f98d2a00000-7f98d2a04000 ---p 00000000 00:00 0 
7f98d2a04000-7f98d2b00000 rw-p 00000000 00:00 0 
7f98d2b00000-7f98d2b04000 ---p 00000000 00:00 0 
7f98d2b04000-7f98d2c00000 rw-p 00000000 00:00 0 
7f98d2c00000-7f98d2c04000 ---p 00000000 00:00 0 
7f98d2c04000-7f98d2d00000 rw-p 00000000 00:00 0 
7f98d2d00000-7f98d2d04000 ---p 00000000 00:00 0 
7f98d2d04000-7f98d2e00000 rw-p 00000000 00:00 0 
7f98d2e00000-7f98d2e04000 ---p 00000000 00:00 0 
7f98d2e04000-7f98d2f00000 rw-p 00000000 00:00 0 
7f98d2f00000-7f98d2f04000 ---p 00000000 00:00 0 
7f98d2f04000-7f98d3000000 rw-p 00000000 00:00 0 
7f98d3000000-7f98d3bba000 rw-p 00001000 00:22 420844                     /home/gabi/.vscode/extensions/redhat.java-1.55.0-linux-x64/jre/21.0.11-linux-x86_64/lib/server/classes.jsa
7f98d3bba000-7f98d4000000 ---p 00000000 00:00 0 
7f98d4000000-7f98d4040000 rw-p 00000000 00:00 0 
7f98d4040000-7f98d40c0000 rw-p 00000000 00:00 0 
7f98d40c0000-7f98d4100000 rw-p 00000000 00:00 0 
7f98d4100000-7f98d41c0000 rw-p 00000000 00:00 0 
7f98d41c0000-7f98d4200000 rw-p 00000000 00:00 0 
7f98d4200000-7f98d4380000 rw-p 00000000 00:00 0 
7f98d4380000-7f98d4440000 rw-p 00000000 00:00 0 
7f98d4440000-7f98d4480000 rw-p 00000000 00:00 0 
7f98d4480000-7f98d4560000 rw-p 00000000 00:00 0 
7f98d4560000-7f98d4580000 rw-p 00000000 00:00 0 
7f98d4580000-7f98d46c0000 rw-p 00000000 00:00 0 
7f98d46c0000-7f98d46d0000 rw-p 00000000 00:00 0 
7f98d46d0000-7f9914000000 ---p 00000000 00:00 0 
7f9914000000-7f9918021000 rw-p 00000000 00:00 0 
7f9918021000-7f991c000000 ---p 00000000 00:00 0 
7f991c053000-7f991c078000 r-xp 00000000 00:22 196682                     /usr/lib64/libnss_resolve.so.2
7f991c078000-7f991c086000 r--p 00025000 00:22 196682                     /usr/lib64/libnss_resolve.so.2
7f991c086000-7f991c089000 r--p 00032000 00:22 196682                     /usr/lib64/libnss_resolve.so.2
7f991c089000-7f991c08a000 rw-p 00035000 00:22 196682                     /usr/lib64/libnss_resolve.so.2
7f991c08a000-7f991c0ae000 r-xp 00000000 00:22 195977                     /usr/lib64/libgcc_s-16-20260515.so.1
7f991c0ae000-7f991c0b5000 r--p 00024000 00:22 195977                     /usr/lib64/libgcc_s-16-20260515.so.1
7f991c0b5000-7f991c0b6000 r--p 0002b000 00:22 195977                     /usr/lib64/libgcc_s-16-20260515.so.1
7f991c0b6000-7f991c0b7000 rw-p 00000000 00:00 0 
7f991c0b7000-7f991c0d1000 r-xp 00000000 00:22 196681                     /usr/lib64/libnss_myhostname.so.2
7f991c0d1000-7f991c0e3000 r--p 0001a000 00:22 196681                     /usr/lib64/libnss_myhostname.so.2
7f991c0e3000-7f991c0e8000 r--p 0002c000 00:22 196681                     /usr/lib64/libnss_myhostname.so.2
7f991c0e8000-7f991c0e9000 rw-p 00031000 00:22 196681                     /usr/lib64/libnss_myhostname.so.2
7f991c0e9000-7f991c0ed000 ---p 00000000 00:00 0 
7f991c0ed000-7f991c1e9000 rw-p 00000000 00:00 0 
7f991c1e9000-7f991c1ed000 ---p 00000000 00:00 0 
7f991c1ed000-7f991c3ea000 rw-p 00000000 00:00 0 
7f991c3ea000-7f991de00000 rw-p 00000000 00:00 0 
7f991de00000-7f991ebb0000 rwxp 00000000 00:00 0 
7f991ebb0000-7f9925337000 ---p 00000000 00:00 0 
7f9925337000-7f99255a7000 rwxp 00000000 00:00 0 
7f99255a7000-7f99258c9000 ---p 00000000 00:00 0 
7f99258c9000-7f9925c19000 rwxp 00000000 00:00 0 
7f9925c19000-7f992ce00000 ---p 00000000 00:00 0 
7f992ce00000-7f992ffe0000 r--s 00000000 00:22 420730                     /home/gabi/.vscode/extensions/redhat.java-1.55.0-linux-x64/jre/21.0.11-linux-x86_64/lib/modules
7f992fff9000-7f9930000000 r--s 00000000 00:22 207757                     /usr/lib64/gconv/gconv-modules.cache
7f9930000000-7f9930606000 rw-p 00000000 00:00 0 
7f9930606000-7f9934000000 ---p 00000000 00:00 0 
7f9934003000-7f9934005000 r-xp 00000000 00:22 420762                     /home/gabi/.vscode/extensions/redhat.java-1.55.0-linux-x64/jre/21.0.11-linux-x86_64/lib/libextnet.so
7f9934005000-7f9934006000 r--p 00001000 00:22 420762                     /home/gabi/.vscode/extensions/redhat.java-1.55.0-linux-x64/jre/21.0.11-linux-x86_64/lib/libextnet.so
7f9934006000-7f9934007000 rw-p 00002000 00:22 420762                     /home/gabi/.vscode/extensions/redhat.java-1.55.0-linux-x64/jre/21.0.11-linux-x86_64/lib/libextnet.so
7f9934007000-7f9934009000 r-xp 00000000 00:22 36846                      /usr/lib64/libnss_mdns4_minimal.so.2
7f9934009000-7f993400a000 r--p 00002000 00:22 36846                      /usr/lib64/libnss_mdns4_minimal.so.2
7f993400a000-7f993400b000 r--p 00003000 00:22 36846                      /usr/lib64/libnss_mdns4_minimal.so.2
7f993400b000-7f993400c000 rw-p 00000000 00:00 0 
7f993400c000-7f9934012000 r-xp 00000000 00:22 420742                     /home/gabi/.vscode/extensions/redhat.java-1.55.0-linux-x64/jre/21.0.11-linux-x86_64/lib/libmanagement_ext.so
7f9934012000-7f9934013000 r--p 00005000 00:22 420742                     /home/gabi/.vscode/extensions/redhat.java-1.55.0-linux-x64/jre/21.0.11-linux-x86_64/lib/libmanagement_ext.so
7f9934013000-7f9934014000 rw-p 00006000 00:22 420742                     /home/gabi/.vscode/extensions/redhat.java-1.55.0-linux-x64/jre/21.0.11-linux-x86_64/lib/libmanagement_ext.so
7f9934014000-7f9934018000 r--p 00000000 00:22 421262                     /home/gabi/.config/Code/User/globalStorage/redhat.java/1.55.0/config_linux/org.eclipse.equinox.launcher/org.eclipse.equinox.launcher.gtk.linux.x86_64_1.2.1600.v20260613-0559/eclipse_11924.so
7f9934018000-7f9934022000 r-xp 00004000 00:22 421262                     /home/gabi/.config/Code/User/globalStorage/redhat.java/1.55.0/config_linux/org.eclipse.equinox.launcher/org.eclipse.equinox.launcher.gtk.linux.x86_64_1.2.1600.v20260613-0559/eclipse_11924.so
7f9934022000-7f9934025000 r--p 0000e000 00:22 421262                     /home/gabi/.config/Code/User/globalStorage/redhat.java/1.55.0/config_linux/org.eclipse.equinox.launcher/org.eclipse.equinox.launcher.gtk.linux.x86_64_1.2.1600.v20260613-0559/eclipse_11924.so
7f9934025000-7f9934026000 r--p 00010000 00:22 421262                     /home/gabi/.config/Code/User/globalStorage/redhat.java/1.55.0/config_linux/org.eclipse.equinox.launcher/org.eclipse.equinox.launcher.gtk.linux.x86_64_1.2.1600.v20260613-0559/eclipse_11924.so
7f9934026000-7f9934027000 rw-p 00011000 00:22 421262                     /home/gabi/.config/Code/User/globalStorage/redhat.java/1.55.0/config_linux/org.eclipse.equinox.launcher/org.eclipse.equinox.launcher.gtk.linux.x86_64_1.2.1600.v20260613-0559/eclipse_11924.so
7f9934027000-7f9934028000 rw-p 00000000 00:00 0 
7f9934028000-7f9934035000 r-xp 00000000 00:22 420732                     /home/gabi/.vscode/extensions/redhat.java-1.55.0-linux-x64/jre/21.0.11-linux-x86_64/lib/libverify.so
7f9934035000-7f9934037000 r--p 0000c000 00:22 420732                     /home/gabi/.vscode/extensions/redhat.java-1.55.0-linux-x64/jre/21.0.11-linux-x86_64/lib/libverify.so
7f9934037000-7f9934038000 rw-p 0000e000 00:22 420732                     /home/gabi/.vscode/extensions/redhat.java-1.55.0-linux-x64/jre/21.0.11-linux-x86_64/lib/libverify.so
7f9934038000-7f9934044000 r-xp 00000000 00:22 420740                     /home/gabi/.vscode/extensions/redhat.java-1.55.0-linux-x64/jre/21.0.11-linux-x86_64/lib/libnet.so
7f9934044000-7f9934045000 r--p 0000b000 00:22 420740                     /home/gabi/.vscode/extensions/redhat.java-1.55.0-linux-x64/jre/21.0.11-linux-x86_64/lib/libnet.so
7f9934045000-7f9934046000 rw-p 0000c000 00:22 420740                     /home/gabi/.vscode/extensions/redhat.java-1.55.0-linux-x64/jre/21.0.11-linux-x86_64/lib/libnet.so
7f9934046000-7f9934248000 rw-p 00000000 00:00 0 
7f9934248000-7f9934349000 rw-p 00000000 00:00 0 
7f9934349000-7f9934488000 rw-p 00000000 00:00 0 
7f9934488000-7f9934711000 ---p 00000000 00:00 0 
7f9934711000-7f9934812000 rw-p 00000000 00:00 0 
7f9934812000-7f9934834000 rw-p 00000000 00:00 0 
7f9934834000-7f9934abc000 ---p 00000000 00:00 0 
7f9934abc000-7f9934ac7000 rw-p 00000000 00:00 0 
7f9934ac7000-7f9934c13000 ---p 00000000 00:00 0 
7f9934c13000-7f9934c1a000 rw-p 00000000 00:00 0 
7f9934c1a000-7f9934cfe000 ---p 00000000 00:00 0 
7f9934cfe000-7f9934d1a000 rw-p 00000000 00:00 0 
7f9934d1a000-7f9934de9000 ---p 00000000 00:00 0 
7f9934de9000-7f9934ded000 ---p 00000000 00:00 0 
7f9934ded000-7f9934ee9000 rw-p 00000000 00:00 0 
7f9934ee9000-7f9934f78000 r-xp 00000000 00:22 196563                     /usr/lib64/libm.so.6
7f9934f78000-7f9934ffe000 r--p 0008f000 00:22 196563                     /usr/lib64/libm.so.6
7f9934ffe000-7f9934fff000 r--p 00114000 00:22 196563                     /usr/lib64/libm.so.6
7f9934fff000-7f9935000000 rw-p 00115000 00:22 196563                     /usr/lib64/libm.so.6
7f9935000000-7f9936435000 r-xp 00000000 00:22 420840                     /home/gabi/.vscode/extensions/redhat.java-1.55.0-linux-x64/jre/21.0.11-linux-x86_64/lib/server/libjvm.so
7f9936435000-7f993650a000 r--p 01434000 00:22 420840                     /home/gabi/.vscode/extensions/redhat.java-1.55.0-linux-x64/jre/21.0.11-linux-x86_64/lib/server/libjvm.so
7f993650a000-7f993653a000 rw-p 01509000 00:22 420840                     /home/gabi/.vscode/extensions/redhat.java-1.55.0-linux-x64/jre/21.0.11-linux-x86_64/lib/server/libjvm.so
7f993653a000-7f99365a0000 rw-p 00000000 00:00 0 
7f99365a1000-7f99365a5000 r-xp 00000000 00:22 420744                     /home/gabi/.vscode/extensions/redhat.java-1.55.0-linux-x64/jre/21.0.11-linux-x86_64/lib/libmanagement.so
7f99365a5000-7f99365a6000 r--p 00003000 00:22 420744                     /home/gabi/.vscode/extensions/redhat.java-1.55.0-linux-x64/jre/21.0.11-linux-x86_64/lib/libmanagement.so
7f99365a6000-7f99365a7000 rw-p 00004000 00:22 420744                     /home/gabi/.vscode/extensions/redhat.java-1.55.0-linux-x64/jre/21.0.11-linux-x86_64/lib/libmanagement.so
7f99365a7000-7f99365bb000 r-xp 00000000 00:22 420739                     /home/gabi/.vscode/extensions/redhat.java-1.55.0-linux-x64/jre/21.0.11-linux-x86_64/lib/libnio.so
7f99365bb000-7f99365bc000 r--p 00013000 00:22 420739                     /home/gabi/.vscode/extensions/redhat.java-1.55.0-linux-x64/jre/21.0.11-linux-x86_64/lib/libnio.so
7f99365bc000-7f99365bd000 rw-p 00014000 00:22 420739                     /home/gabi/.vscode/extensions/redhat.java-1.55.0-linux-x64/jre/21.0.11-linux-x86_64/lib/libnio.so
7f99365bd000-7f99365d8000 r-xp 00000000 00:22 420731                     /home/gabi/.vscode/extensions/redhat.java-1.55.0-linux-x64/jre/21.0.11-linux-x86_64/lib/libzip.so
7f99365d8000-7f99365d9000 r--p 0001a000 00:22 420731                     /home/gabi/.vscode/extensions/redhat.java-1.55.0-linux-x64/jre/21.0.11-linux-x86_64/lib/libzip.so
7f99365d9000-7f99365da000 rw-p 0001b000 00:22 420731                     /home/gabi/.vscode/extensions/redhat.java-1.55.0-linux-x64/jre/21.0.11-linux-x86_64/lib/libzip.so
7f99365da000-7f9936607000 rw-p 00000000 00:00 0 
7f9936607000-7f993660e000 ---p 00000000 00:00 0 
7f993660e000-7f993662f000 r-xp 00000000 00:22 420754                     /home/gabi/.vscode/extensions/redhat.java-1.55.0-linux-x64/jre/21.0.11-linux-x86_64/lib/libjava.so
7f993662f000-7f9936630000 r--p 00020000 00:22 420754                     /home/gabi/.vscode/extensions/redhat.java-1.55.0-linux-x64/jre/21.0.11-linux-x86_64/lib/libjava.so
7f9936630000-7f9936631000 rw-p 00021000 00:22 420754                     /home/gabi/.vscode/extensions/redhat.java-1.55.0-linux-x64/jre/21.0.11-linux-x86_64/lib/libjava.so
7f9936631000-7f9936632000 rw-p 00000000 00:00 0 
7f9936632000-7f993664d000 r-xp 00000000 00:22 420750                     /home/gabi/.vscode/extensions/redhat.java-1.55.0-linux-x64/jre/21.0.11-linux-x86_64/lib/libjimage.so
7f993664d000-7f993664e000 ---p 0001b000 00:22 420750                     /home/gabi/.vscode/extensions/redhat.java-1.55.0-linux-x64/jre/21.0.11-linux-x86_64/lib/libjimage.so
7f993664e000-7f9936650000 r--p 0001b000 00:22 420750                     /home/gabi/.vscode/extensions/redhat.java-1.55.0-linux-x64/jre/21.0.11-linux-x86_64/lib/libjimage.so
7f9936650000-7f9936651000 rw-p 0001d000 00:22 420750                     /home/gabi/.vscode/extensions/redhat.java-1.55.0-linux-x64/jre/21.0.11-linux-x86_64/lib/libjimage.so
7f9936651000-7f9936652000 r-xp 00000000 00:22 196571                     /usr/lib64/librt.so.1
7f9936652000-7f9936653000 r--p 00001000 00:22 196571                     /usr/lib64/librt.so.1
7f9936653000-7f9936654000 r--p 00001000 00:22 196571                     /usr/lib64/librt.so.1
7f9936654000-7f9936657000 rw-p 00000000 00:00 0 
7f9936657000-7f99367c9000 r-xp 00000000 00:22 196561                     /usr/lib64/libc.so.6
7f99367c9000-7f9936842000 r--p 00172000 00:22 196561                     /usr/lib64/libc.so.6
7f9936842000-7f9936846000 r--p 001eb000 00:22 196561                     /usr/lib64/libc.so.6
7f9936846000-7f9936848000 rw-p 001ef000 00:22 196561                     /usr/lib64/libc.so.6
7f9936848000-7f9936850000 rw-p 00000000 00:00 0 
7f9936850000-7f9936851000 r-xp 00000000 00:22 196562                     /usr/lib64/libdl.so.2
7f9936851000-7f9936852000 r--p 00001000 00:22 196562                     /usr/lib64/libdl.so.2
7f9936852000-7f9936853000 r--p 00001000 00:22 196562                     /usr/lib64/libdl.so.2
7f9936853000-7f9936854000 rw-p 00000000 00:00 0 
7f9936854000-7f9936855000 r-xp 00000000 00:22 196569                     /usr/lib64/libpthread.so.0
7f9936855000-7f9936856000 r--p 00001000 00:22 196569                     /usr/lib64/libpthread.so.0
7f9936856000-7f9936857000 r--p 00001000 00:22 196569                     /usr/lib64/libpthread.so.0
7f9936857000-7f9936858000 rw-p 00000000 00:00 0 
7f9936858000-7f9936860000 rw-s 00000000 00:31 4501                       /tmp/hsperfdata_gabi/30031
7f9936860000-7f993686a000 r-xp 00000000 00:22 420759                     /home/gabi/.vscode/extensions/redhat.java-1.55.0-linux-x64/jre/21.0.11-linux-x86_64/lib/libinstrument.so
7f993686a000-7f993686b000 ---p 0000a000 00:22 420759                     /home/gabi/.vscode/extensions/redhat.java-1.55.0-linux-x64/jre/21.0.11-linux-x86_64/lib/libinstrument.so
7f993686b000-7f993686c000 r--p 0000a000 00:22 420759                     /home/gabi/.vscode/extensions/redhat.java-1.55.0-linux-x64/jre/21.0.11-linux-x86_64/lib/libinstrument.so
7f993686c000-7f993686d000 rw-p 0000b000 00:22 420759                     /home/gabi/.vscode/extensions/redhat.java-1.55.0-linux-x64/jre/21.0.11-linux-x86_64/lib/libinstrument.so
7f993686d000-7f993686e000 ---p 00000000 00:00 0 
7f993686e000-7f993686f000 r--p 00000000 00:00 0 
7f993686f000-7f9936870000 ---p 00000000 00:00 0 
7f9936870000-7f9936889000 r-xp 00000000 00:22 420749                     /home/gabi/.vscode/extensions/redhat.java-1.55.0-linux-x64/jre/21.0.11-linux-x86_64/lib/libjli.so
7f9936889000-7f993688a000 r--p 00018000 00:22 420749                     /home/gabi/.vscode/extensions/redhat.java-1.55.0-linux-x64/jre/21.0.11-linux-x86_64/lib/libjli.so
7f993688a000-7f993688b000 rw-p 00019000 00:22 420749                     /home/gabi/.vscode/extensions/redhat.java-1.55.0-linux-x64/jre/21.0.11-linux-x86_64/lib/libjli.so
7f993688b000-7f993688d000 rw-p 00000000 00:00 0 
7f993688d000-7f9936891000 r--p 00000000 00:00 0                          [vvar]
7f9936891000-7f9936893000 r--p 00000000 00:00 0                          [vvar_vclock]
7f9936893000-7f9936895000 r-xp 00000000 00:00 0                          [vdso]
7f9936895000-7f99368bf000 r-xp 00000000 00:22 196558                     /usr/lib64/ld-linux-x86-64.so.2
7f99368bf000-7f99368cb000 r--p 0002a000 00:22 196558                     /usr/lib64/ld-linux-x86-64.so.2
7f99368cb000-7f99368cd000 r--p 00036000 00:22 196558                     /usr/lib64/ld-linux-x86-64.so.2
7f99368cd000-7f99368ce000 rw-p 00038000 00:22 196558                     /usr/lib64/ld-linux-x86-64.so.2
7f99368ce000-7f99368cf000 rw-p 00000000 00:00 0 
7ffeff282000-7ffeff2a3000 rw-p 00000000 00:00 0                          [stack]
ffffffffff600000-ffffffffff601000 --xp 00000000 00:00 0                  [vsyscall]
Total number of mappings: 319

JVMTI agents:
/home/gabi/.vscode/extensions/redhat.java-1.55.0-linux-x64/lombok/lombok-1.18.39-4050.jar path:none, loaded, initialized, instrumentlib options:none


VM Arguments:
jvm_args: --add-modules=ALL-SYSTEM --add-opens=java.base/java.util=ALL-UNNAMED --add-opens=java.base/java.lang=ALL-UNNAMED --add-opens=java.base/sun.nio.fs=ALL-UNNAMED -Declipse.application=org.eclipse.jdt.ls.core.id1 -Dosgi.bundles.defaultStartLevel=4 -Declipse.product=org.eclipse.jdt.ls.core.product -Djava.import.generatesMetadataFilesAtProjectRoot=false -DDetectVMInstallationsJob.disabled=true -Dfile.encoding=utf8 -XX:+UseParallelGC -XX:GCTimeRatio=4 -XX:AdaptiveSizePolicyWeight=90 -Dsun.zip.disableMemoryMapping=true -Xmx2G -Xms100m -Xlog:disable -javaagent:/home/gabi/.vscode/extensions/redhat.java-1.55.0-linux-x64/lombok/lombok-1.18.39-4050.jar -XX:+HeapDumpOnOutOfMemoryError -XX:HeapDumpPath=/home/gabi/.config/Code/User/workspaceStorage/ccd096143392242435ee762c2e82cc39/redhat.java -Daether.dependencyCollector.impl=bf 
java_command: /home/gabi/.vscode/extensions/redhat.java-1.55.0-linux-x64/server/plugins/org.eclipse.equinox.launcher_1.7.200.v20260619-2039.jar -configuration /home/gabi/.config/Code/User/globalStorage/redhat.java/1.55.0/config_linux -data /home/gabi/.config/Code/User/workspaceStorage/ccd096143392242435ee762c2e82cc39/redhat.java/jdt_ws --pipe=/run/user/1000/lsp-bc79d140b46744f9c693374776913948.sock
java_class_path (initial): /home/gabi/.vscode/extensions/redhat.java-1.55.0-linux-x64/server/plugins/org.eclipse.equinox.launcher_1.7.200.v20260619-2039.jar
Launcher Type: SUN_STANDARD

[Global flags]
    uintx AdaptiveSizePolicyWeight                 = 90                                        {product} {command line}
     intx CICompilerCount                          = 4                                         {product} {ergonomic}
    uintx GCTimeRatio                              = 4                                         {product} {command line}
     bool HeapDumpOnOutOfMemoryError               = true                                   {manageable} {command line}
    ccstr HeapDumpPath                             = /home/gabi/.config/Code/User/workspaceStorage/ccd096143392242435ee762c2e82cc39/redhat.java         {manageable} {command line}
   size_t InitialHeapSize                          = 104857600                                 {product} {command line}
   size_t MaxHeapSize                              = 2147483648                                {product} {command line}
   size_t MaxNewSize                               = 715653120                                 {product} {ergonomic}
   size_t MinHeapDeltaBytes                        = 524288                                    {product} {ergonomic}
   size_t MinHeapSize                              = 104857600                                 {product} {command line}
   size_t NewSize                                  = 34603008                                  {product} {ergonomic}
    uintx NonNMethodCodeHeapSize                   = 5839372                                {pd product} {ergonomic}
    uintx NonProfiledCodeHeapSize                  = 122909434                              {pd product} {ergonomic}
   size_t OldSize                                  = 70254592                                  {product} {ergonomic}
    uintx ProfiledCodeHeapSize                     = 122909434                              {pd product} {ergonomic}
    uintx ReservedCodeCacheSize                    = 251658240                              {pd product} {ergonomic}
     bool SegmentedCodeCache                       = true                                      {product} {ergonomic}
   size_t SoftMaxHeapSize                          = 2147483648                             {manageable} {ergonomic}
     bool UseCompressedOops                        = true                           {product lp64_product} {ergonomic}
     bool UseParallelGC                            = true                                      {product} {command line}

Logging:
Log output configuration:
 #0: stdout all=off uptime,level,tags foldmultilines=false
 #1: stderr all=off uptime,level,tags foldmultilines=false

Release file:
JAVA_VERSION="21.0.11"
MODULES="java.base java.compiler java.datatransfer java.xml java.prefs java.desktop java.instrument java.logging java.management java.security.sasl java.naming java.rmi java.management.rmi java.net.http java.scripting java.security.jgss java.transaction.xa java.sql java.sql.rowset java.xml.crypto java.se java.smartcardio jdk.accessibility jdk.internal.jvmstat jdk.attach jdk.charsets jdk.internal.opt jdk.zipfs jdk.compiler jdk.crypto.ec jdk.crypto.cryptoki jdk.dynalink jdk.internal.ed jdk.editpad jdk.hotspot.agent jdk.httpserver jdk.internal.le jdk.internal.vm.ci jdk.internal.vm.compiler jdk.internal.vm.compiler.management jdk.jartool jdk.javadoc jdk.jcmd jdk.management jdk.management.agent jdk.jconsole jdk.jdeps jdk.jdwp.agent jdk.jdi jdk.jfr jdk.jshell jdk.jsobject jdk.jstatd jdk.localedata jdk.management.jfr jdk.naming.dns jdk.naming.rmi jdk.net jdk.nio.mapmode jdk.random jdk.sctp jdk.security.auth jdk.security.jgss jdk.unsupported jdk.unsupported.desktop jdk.xml.dom"

Environment Variables:
PATH=/home/gabi/.nvm/versions/node/v24.18.0/bin:/home/gabi/.local/bin:/home/gabi/bin:/usr/local/bin:/usr/bin
USERNAME=gabi
SHELL=/bin/bash
DISPLAY=:0
WAYLAND_DISPLAY=wayland-0
LANG=en_US.UTF-8

Active Locale:
LC_ALL=en_US.UTF-8
LC_COLLATE=en_US.UTF-8
LC_CTYPE=en_US.UTF-8
LC_MESSAGES=en_US.UTF-8
LC_MONETARY=en_US.UTF-8
LC_NUMERIC=en_US.UTF-8
LC_TIME=en_US.UTF-8

Signal Handlers:
   SIGSEGV: crash_handler in libjvm.so, mask=11100100010111111101111111111110, flags=SA_RESTART|SA_SIGINFO, unblocked
    SIGBUS: crash_handler in libjvm.so, mask=11100100010111111101111111111110, flags=SA_RESTART|SA_SIGINFO, unblocked
    SIGFPE: crash_handler in libjvm.so, mask=11100100010111111101111111111110, flags=SA_RESTART|SA_SIGINFO, unblocked
   SIGPIPE: javaSignalHandler in libjvm.so, mask=11100100010111111101111111111110, flags=SA_RESTART|SA_SIGINFO, blocked
   SIGXFSZ: javaSignalHandler in libjvm.so, mask=11100100010111111101111111111110, flags=SA_RESTART|SA_SIGINFO, blocked
    SIGILL: crash_handler in libjvm.so, mask=11100100010111111101111111111110, flags=SA_RESTART|SA_SIGINFO, unblocked
   SIGUSR2: SR_handler in libjvm.so, mask=00000000000000000000000000000000, flags=SA_RESTART|SA_SIGINFO, blocked
    SIGHUP: UserHandler in libjvm.so, mask=11100100010111111101111111111110, flags=SA_RESTART|SA_SIGINFO, blocked
    SIGINT: UserHandler in libjvm.so, mask=11100100010111111101111111111110, flags=SA_RESTART|SA_SIGINFO, blocked
   SIGTERM: UserHandler in libjvm.so, mask=11100100010111111101111111111110, flags=SA_RESTART|SA_SIGINFO, blocked
   SIGQUIT: UserHandler in libjvm.so, mask=11100100010111111101111111111110, flags=SA_RESTART|SA_SIGINFO, blocked
   SIGTRAP: crash_handler in libjvm.so, mask=11100100010111111101111111111110, flags=SA_RESTART|SA_SIGINFO, unblocked


Periodic native trim disabled

---------------  S Y S T E M  ---------------

OS:
Fedora release 44 (Forty Four)
uname: Linux 6.19.10-300.fc44.x86_64 #1 SMP PREEMPT_DYNAMIC Wed Mar 25 18:23:49 UTC 2026 x86_64
OS uptime: 0 days 0:32 hours
libc: glibc 2.43 NPTL 2.43 
rlimit (soft/hard): STACK 8192k/infinity , CORE infinity/infinity , NPROC 27208/27208 , NOFILE 524288/524288 , AS infinity/infinity , CPU infinity/infinity , DATA infinity/infinity , FSIZE infinity/infinity , MEMLOCK 8192k/8192k
load average: 2.51 1.15 1.00

/proc/meminfo:
MemTotal:        7019784 kB
MemFree:          330596 kB
MemAvailable:    2601628 kB
Buffers:            2264 kB
Cached:          2455820 kB
SwapCached:         1660 kB
Active:          3214596 kB
Inactive:        2184320 kB
Active(anon):    2246920 kB
Inactive(anon):   756956 kB
Active(file):     967676 kB
Inactive(file):  1427364 kB
Unevictable:          16 kB
Mlocked:              16 kB
SwapTotal:       7019516 kB
SwapFree:        6247416 kB
Zswap:                 0 kB
Zswapped:              0 kB
Dirty:              8268 kB
Writeback:             0 kB
AnonPages:       2940260 kB
Mapped:           875844 kB
Shmem:             63472 kB
KReclaimable:     198784 kB
Slab:             449264 kB
SReclaimable:     198784 kB
SUnreclaim:       250480 kB
KernelStack:       27776 kB
PageTables:        66444 kB
SecPageTables:      2936 kB
NFS_Unstable:          0 kB
Bounce:                0 kB
WritebackTmp:          0 kB
CommitLimit:    10529408 kB
Committed_AS:   18737028 kB
VmallocTotal:   34359738367 kB
VmallocUsed:      116156 kB
VmallocChunk:          0 kB
Percpu:             7840 kB
HardwareCorrupted:     0 kB
AnonHugePages:         0 kB
ShmemHugePages:        0 kB
ShmemPmdMapped:        0 kB
FileHugePages:         0 kB
FilePmdMapped:         0 kB
CmaTotal:              0 kB
CmaFree:               0 kB
Unaccepted:            0 kB
Balloon:               0 kB
HugePages_Total:       0
HugePages_Free:        0
HugePages_Rsvd:        0
HugePages_Surp:        0
Hugepagesize:       2048 kB
Hugetlb:               0 kB
DirectMap4k:     1226772 kB
DirectMap2M:     6047744 kB
DirectMap1G:     1048576 kB

/sys/kernel/mm/transparent_hugepage/enabled: always [madvise] never
/sys/kernel/mm/transparent_hugepage/hpage_pmd_size: 2097152
/sys/kernel/mm/transparent_hugepage/defrag (defrag/compaction efforts parameter): always defer defer+madvise [madvise] never

Process Memory:
Virtual Size: 6758844K (peak: 6821380K)
Resident Set Size: 287380K (peak: 287380K) (anon: 247700K, file: 39648K, shmem: 32K)
Swapped out: 0K
C-Heap outstanding allocations: 89490K, retained: 27253K
glibc malloc tunables: (default)

/proc/sys/kernel/threads-max (system-wide limit on the number of threads): 54416
/proc/sys/vm/max_map_count (maximum number of memory map areas a process may have): 1048576
/proc/sys/vm/swappiness (control to define how aggressively the kernel swaps out anonymous memory): 60
/proc/sys/kernel/pid_max (system-wide limit on number of process identifiers): 4194304

container information not found.
Steal ticks since vm start: 0
Steal ticks percentage since vm start:  0.000

CPU: total 8 (initial active 8) (8 cores per cpu, 2 threads per core) family 23 model 24 stepping 1 microcode 0x8108109, cx8, cmov, fxsr, ht, mmx, 3dnowpref, sse, sse2, sse3, ssse3, sse4a, sse4.1, sse4.2, popcnt, lzcnt, tsc, tscinvbit, avx, avx2, aes, clmul, bmi1, bmi2, adx, sha, fma, vzeroupper, clflush, clflushopt, rdtscp, f16c
CPU Model and flags from /proc/cpuinfo:
model name	: AMD Ryzen 5 3500U with Radeon Vega Mobile Gfx
flags		: fpu vme de pse tsc msr pae mce cx8 apic sep mtrr pge mca cmov pat pse36 clflush mmx fxsr sse sse2 ht syscall nx mmxext fxsr_opt pdpe1gb rdtscp lm constant_tsc rep_good nopl nonstop_tsc cpuid extd_apicid aperfmperf rapl pni pclmulqdq monitor ssse3 fma cx16 sse4_1 sse4_2 movbe popcnt aes xsave avx f16c rdrand lahf_lm cmp_legacy svm extapic cr8_legacy abm sse4a misalignsse 3dnowprefetch osvw skinit wdt tce topoext perfctr_core perfctr_nb bpext perfctr_llc mwaitx cpb hw_pstate ssbd ibpb vmmcall fsgsbase bmi1 avx2 smep bmi2 rdseed adx smap clflushopt sha_ni xsaveopt xsavec xgetbv1 clzero xsaveerptr arat npt lbrv svm_lock nrip_save tsc_scale vmcb_clean flushbyasid decodeassists pausefilter pfthreshold avic v_vmsave_vmload vgif overflow_recov succor smca sev sev_es

Online cpus: 0-7
Offline cpus: 
BIOS frequency limitation: 2100000
Frequency switch latency (ns): 0
Available cpu frequencies: 2100000 1700000 1400000 
Current governor: schedutil
Core performance/turbo boost: 1

Memory: 4k page, physical 7019784k(2601628k free), swap 7019516k(6247416k free)
Page Sizes: 4k

vm_info: OpenJDK 64-Bit Server VM (21.0.11+10-LTS) for linux-amd64 JRE (21.0.11+10-LTS), built on 2026-04-21T00:00:00Z by "admin" with gcc 11.3.0

END.
